<html>
<body>
<pre>
<h1>µVision Build Log</h1>
<h2>Tool Versions:</h2>
IDE-Version: µVision V5.39.0.0
Copyright (C) 2023 ARM Ltd and ARM Germany GmbH. All rights reserved.
License Information: shihab mohammad, na, LIC=----
 
Tool Versions:
Toolchain:       MDK-Lite  Version: 5.39.0.0
Toolchain Path:  C:\Keil_v5\ARM\ARMCLANG\Bin
C Compiler:      ArmClang.exe V6.21
Assembler:       Armasm.exe V6.21
Linker/Locator:  ArmLink.exe V6.21
Library Manager: ArmAr.exe V6.21
Hex Converter:   FromElf.exe V6.21
CPU DLL:         SARMCM3.DLL V5.39.0.0
Dialog DLL:      DARMCM1.DLL V1.19.6.0
Target DLL:      STLink\ST-LINKIII-KEIL_SWO.dll V3.2.0.0
Dialog DLL:      TARMCM1.DLL V1.14.6.0
 
<h2>Project:</h2>
E:\Desk\project_work\Ice_crusher\keil code2\ice_maker_stm32g030_based-master\ice_maker.uvprojx
Project File Date:  06/04/2024

<h2>Output:</h2>
*** Using Compiler 'V6.21', folder: 'C:\Keil_v5\ARM\ARMCLANG\Bin'
Build target 'Target 1'
icemaker.c(2): warning: In file included from...
./icemaker.h(9): warning: no newline at end of file [-Wnewline-eof]
    9 | void ice_making_operation(void);
      |                                 ^
icemaker.c(3): warning: In file included from...
./serial.h(12): warning: no newline at end of file [-Wnewline-eof]
   12 | void    uart_send_num_float(float num);
      |                                        ^
icemaker.c(4): warning: In file included from...
./ntc.h(4): warning: no newline at end of file [-Wnewline-eof]
    4 | int temperature(void);
      |                       ^
icemaker.c(101): warning: no previous extern declaration for non-static variable 'timer_value' [-Wmissing-variable-declarations]
  101 | volatile int16_t timer_value = -7;
      |                  ^
icemaker.c(101): note: declare 'static' if the variable is not intended to be used outside of this translation unit
  101 | volatile int16_t timer_value = -7;
      |          ^
icemaker.c(104): warning: no previous extern declaration for non-static variable 'rtime' [-Wmissing-variable-declarations]
  104 | volatile int16_t rtime = 0;      // To count the rotation time of motor
      |                  ^
icemaker.c(104): note: declare 'static' if the variable is not intended to be used outside of this translation unit
  104 | volatile int16_t rtime = 0;      // To count the rotation time of motor
      |          ^
icemaker.c(105): warning: no previous extern declaration for non-static variable 'vtime' [-Wmissing-variable-declarations]
  105 | volatile int16_t vtime = 0;      // To count the valve on time
      |                  ^
icemaker.c(105): note: declare 'static' if the variable is not intended to be used outside of this translation unit
  105 | volatile int16_t vtime = 0;      // To count the valve on time
      |          ^
icemaker.c(109): warning: no previous extern declaration for non-static variable 'IB' [-Wmissing-variable-declarations]
  109 | int IB = 0;                      // To update ice box status
      |     ^
icemaker.c(109): note: declare 'static' if the variable is not intended to be used outside of this translation unit
  109 | int IB = 0;                      // To update ice box status
      | ^
icemaker.c(110): warning: no previous extern declaration for non-static variable 'IC' [-Wmissing-variable-declarations]
  110 | int IC = 0;                      // To update ice container status
      |     ^
icemaker.c(110): note: declare 'static' if the variable is not intended to be used outside of this translation unit
  110 | int IC = 0;                      // To update ice container status
      | ^
icemaker.c(111): warning: no previous extern declaration for non-static variable 'VALVE_FILLED_FLAG' [-Wmissing-variable-declarations]
  111 | int VALVE_FILLED_FLAG = 0;       // To update whether valve filled water and ready to dispense ice
      |     ^
icemaker.c(111): note: declare 'static' if the variable is not intended to be used outside of this translation unit
  111 | int VALVE_FILLED_FLAG = 0;       // To update whether valve filled water and ready to dispense ice
      | ^
icemaker.c(112): warning: no previous extern declaration for non-static variable 'ICE_OPERATION' [-Wmissing-variable-declarations]
  112 | int ICE_OPERATION = 0;           // To update whether the system will go to ice dispense operation by rotating the motor
      |     ^
icemaker.c(112): note: declare 'static' if the variable is not intended to be used outside of this translation unit
  112 | int ICE_OPERATION = 0;           // To update whether the system will go to ice dispense operation by rotating the motor
      | ^
icemaker.c(116): warning: no previous prototype for function 'TIM1_BRK_UP_TRG_COM_IRQHandler' [-Wmissing-prototypes]
  116 | void TIM1_BRK_UP_TRG_COM_IRQHandler(void) {
      |      ^
icemaker.c(116): note: declare 'static' if the function is not intended to be used outside of this translation unit
  116 | void TIM1_BRK_UP_TRG_COM_IRQHandler(void) {
      | ^
      | static 
icemaker.c(152): warning: implicit conversion changes signedness: 'int' to 'uint32_t' (aka 'unsigned int') [-Wsign-conversion]
  152 |                 GPIOA -> ODR &=~ (1<<5);
      |                              ~~^~~~~~~~
icemaker.c(153): warning: implicit conversion changes signedness: 'int' to 'uint32_t' (aka 'unsigned int') [-Wsign-conversion]
  153 |                 GPIOA ->BSRR &=~ (1<<5); // PA3  low
      |                              ~~^~~~~~~~
icemaker.c(158): warning: implicit conversion changes signedness: 'int' to 'uint32_t' (aka 'unsigned int') [-Wsign-conversion]
  158 |                 GPIOA -> ODR &=~ (1<<4);
      |                              ~~^~~~~~~~
icemaker.c(159): warning: implicit conversion changes signedness: 'int' to 'uint32_t' (aka 'unsigned int') [-Wsign-conversion]
  159 |                 GPIOA ->BSRR &=~ (1<<4); // PA2 low
      |                              ~~^~~~~~~~
icemaker.c(167): warning: implicit conversion changes signedness: 'int' to 'uint32_t' (aka 'unsigned int') [-Wsign-conversion]
  167 |                 GPIOA -> ODR &=~ (1<<4);
      |                              ~~^~~~~~~~
icemaker.c(168): warning: implicit conversion changes signedness: 'int' to 'uint32_t' (aka 'unsigned int') [-Wsign-conversion]
  168 |                 GPIOA ->BSRR &=~ (1<<4); // PA2 low
      |                              ~~^~~~~~~~
icemaker.c(170): warning: implicit conversion changes signedness: 'int' to 'uint32_t' (aka 'unsigned int') [-Wsign-conversion]
  170 |                 GPIOA -> ODR &=~ (1<<5);
      |                              ~~^~~~~~~~
icemaker.c(171): warning: implicit conversion changes signedness: 'int' to 'uint32_t' (aka 'unsigned int') [-Wsign-conversion]
  171 |                 GPIOA ->BSRR &=~ (1<<5); // PA3  low
      |                              ~~^~~~~~~~
icemaker.c(177): warning: no previous extern declaration for non-static variable 't1' [-Wmissing-variable-declarations]
  177 | int t1 = 0;
      |     ^
icemaker.c(177): note: declare 'static' if the variable is not intended to be used outside of this translation unit
  177 | int t1 = 0;
      | ^
icemaker.c(178): warning: no previous extern declaration for non-static variable 't2' [-Wmissing-variable-declarations]
  178 | int t2 = 0;
      |     ^
icemaker.c(178): note: declare 'static' if the variable is not intended to be used outside of this translation unit
  178 | int t2 = 0;
      | ^
icemaker.c(179): warning: no previous extern declaration for non-static variable 'hall_f' [-Wmissing-variable-declarations]
  179 | int hall_f = 0;
      |     ^
icemaker.c(179): note: declare 'static' if the variable is not intended to be used outside of this translation unit
  179 | int hall_f = 0;
      | ^
icemaker.c(187): warning: binary integer literals are a GNU extension [-Wgnu-binary-literal]
  187 |                 if (!(GPIOB->IDR & 0b01)){   // At lower state
      |                                    ^
icemaker.c(192): warning: binary integer literals are a GNU extension [-Wgnu-binary-literal]
  192 |                         if ((GPIOB->IDR & 0b01)){  // At higher state
      |                                           ^
icemaker.c(220): warning: implicit conversion changes signedness: 'int' to 'uint32_t' (aka 'unsigned int') [-Wsign-conversion]
  220 |                 GPIOB -> ODR &=~ (1<<7);
      |                              ~~^~~~~~~~
icemaker.c(339): warning: no newline at end of file [-Wnewline-eof]
  339 | }
      |  ^
26 warnings generated.
compiling icemaker.c...
linking...
Program Size: Code=4060 RO-data=344 RW-data=0 ZI-data=1672  
FromELF: creating hex file...
".\Objects\ice_maker.axf" - 0 Error(s), 26 Warning(s).

<h2>Software Packages used:</h2>

Package Vendor: ARM
                https://www.keil.com/pack/ARM.CMSIS.6.0.0.pack
                ARM::CMSIS@6.0.0
                CMSIS (Common Microcontroller Software Interface Standard)
   * Component: CORE Version: 6.0.0

Package Vendor: Keil
                https://www.keil.com/pack/Keil.STM32G0xx_DFP.1.5.0.pack
                Keil::STM32G0xx_DFP@1.5.0
                STMicroelectronics STM32G0 Series Device Support
   * Component: Startup Version: 1.4.2

<h2>Collection of Component include folders:</h2>
  ./RTE/_Target_1
  C:/Users/Administrator/AppData/Local/Arm/Packs/ARM/CMSIS/6.0.0/CMSIS/Core/Include
  C:/Users/Administrator/AppData/Local/Arm/Packs/Keil/STM32G0xx_DFP/1.5.0/Drivers/CMSIS/Device/ST/STM32G0xx/Include

<h2>Collection of Component Files used:</h2>

   * Component: ARM::CMSIS:CORE@6.0.0

   * Component: Keil::Device:Startup@1.4.2
      Source file:   Drivers/CMSIS/Device/ST/STM32G0xx/Source/Templates/arm/startup_stm32g030xx.s
      Source file:   MDK/Device/Source/ARM/STM32G0x0_DB_OPT.s
      Include file:  Drivers/CMSIS/Device/ST/STM32G0xx/Include/stm32g0xx.h
      Source file:   MDK/Device/Source/ARM/STM32G0x0_SB_OPT.s
      Source file:   Drivers/CMSIS/Device/ST/STM32G0xx/Source/Templates/system_stm32g0xx.c
Build Time Elapsed:  00:00:01
</pre>
</body>
</html>
