Component: Arm Compiler for Embedded 6.21 Tool: armlink [5ec1fa00]

==============================================================================

Section Cross References

    main.o(.text.main) refers to serial.o(.text.uart_Init) for uart_Init
    main.o(.text.main) refers to serial.o(.text.uart_send_char) for uart_send_char
    main.o(.text.main) refers to timer.o(.text.timer_Init) for timer_Init
    main.o(.text.main) refers to adc.o(.text.adc_init) for adc_init
    main.o(.text.main) refers to icemaker.o(.text.ice_making_operation) for ice_making_operation
    main.o(.text.main) refers to timer.o(.text.delay) for delay
    main.o(.text.main) refers to main.o(.rodata.str1.1) for [Anonymous Symbol]
    main.o(.ARM.exidx.text.main) refers to main.o(.text.main) for [Anonymous Symbol]
    serial.o(.text.uart_Init) refers to aeabi_sdiv.o(.text) for __aeabi_uidiv
    serial.o(.ARM.exidx.text.uart_Init) refers to serial.o(.text.uart_Init) for [Anonymous Symbol]
    serial.o(.ARM.exidx.text.uart_char) refers to serial.o(.text.uart_char) for [Anonymous Symbol]
    serial.o(.text.uart_send_char) refers to serial.o(.text.uart_char) for uart_char
    serial.o(.ARM.exidx.text.uart_send_char) refers to serial.o(.text.uart_send_char) for [Anonymous Symbol]
    serial.o(.text.uart_send_num) refers to serial.o(.text.uart_char) for uart_char
    serial.o(.text.uart_send_num) refers to aeabi_sdiv.o(.text) for __aeabi_idiv
    serial.o(.text.uart_send_num) refers to serial.o(.text.uart_send_char) for uart_send_char
    serial.o(.ARM.exidx.text.uart_send_num) refers to serial.o(.text.uart_send_num) for [Anonymous Symbol]
    serial.o(.text.uart_send_num_arr) refers to serial.o(.text.uart_send_num) for uart_send_num
    serial.o(.text.uart_send_num_arr) refers to serial.o(.text.uart_send_char) for uart_send_char
    serial.o(.text.uart_send_num_arr) refers to serial.o(.rodata.str1.1) for [Anonymous Symbol]
    serial.o(.ARM.exidx.text.uart_send_num_arr) refers to serial.o(.text.uart_send_num_arr) for [Anonymous Symbol]
    serial.o(.ARM.exidx.text.uart_flush) refers to serial.o(.text.uart_flush) for [Anonymous Symbol]
    serial.o(.text.uart_send_num_bin) refers to serial.o(.text.uart_send_num) for uart_send_num
    serial.o(.ARM.exidx.text.uart_send_num_bin) refers to serial.o(.text.uart_send_num_bin) for [Anonymous Symbol]
    serial.o(.text.uart_send_num_float) refers to fmul.o(x$fpl$fmul) for __aeabi_fmul
    serial.o(.text.uart_send_num_float) refers to ffixi.o(.text) for __aeabi_f2iz
    serial.o(.text.uart_send_num_float) refers to serial.o(.text.uart_char) for uart_char
    serial.o(.text.uart_send_num_float) refers to aeabi_sdiv.o(.text) for __aeabi_idiv
    serial.o(.text.uart_send_num_float) refers to llsdiv.o(.text) for __aeabi_ldivmod
    serial.o(.ARM.exidx.text.uart_send_num_float) refers to serial.o(.text.uart_send_num_float) for [Anonymous Symbol]
    timer.o(.text.timer_Init) refers to timer.o(.text.__NVIC_SetPriority) for __NVIC_SetPriority
    timer.o(.text.timer_Init) refers to timer.o(.text.__NVIC_EnableIRQ) for __NVIC_EnableIRQ
    timer.o(.ARM.exidx.text.timer_Init) refers to timer.o(.text.timer_Init) for [Anonymous Symbol]
    timer.o(.ARM.exidx.text.__NVIC_SetPriority) refers to timer.o(.text.__NVIC_SetPriority) for [Anonymous Symbol]
    timer.o(.ARM.exidx.text.__NVIC_EnableIRQ) refers to timer.o(.text.__NVIC_EnableIRQ) for [Anonymous Symbol]
    timer.o(.ARM.exidx.text.timer1_ouput) refers to timer.o(.text.timer1_ouput) for [Anonymous Symbol]
    timer.o(.ARM.exidx.text.TIM1_IRQHandler) refers to timer.o(.text.TIM1_IRQHandler) for [Anonymous Symbol]
    timer.o(.ARM.exidx.text.delay) refers to timer.o(.text.delay) for [Anonymous Symbol]
    icemaker.o(.text.TIM1_BRK_UP_TRG_COM_IRQHandler) refers to serial.o(.text.uart_send_char) for uart_send_char
    icemaker.o(.text.TIM1_BRK_UP_TRG_COM_IRQHandler) refers to serial.o(.text.uart_send_num) for uart_send_num
    icemaker.o(.text.TIM1_BRK_UP_TRG_COM_IRQHandler) refers to icemaker.o(.rodata.str1.1) for [Anonymous Symbol]
    icemaker.o(.text.TIM1_BRK_UP_TRG_COM_IRQHandler) refers to icemaker.o(.bss.rtime) for rtime
    icemaker.o(.text.TIM1_BRK_UP_TRG_COM_IRQHandler) refers to icemaker.o(.bss.vtime) for vtime
    icemaker.o(.text.TIM1_BRK_UP_TRG_COM_IRQHandler) refers to icemaker.o(.bss.ICE_OPERATION) for ICE_OPERATION
    icemaker.o(.ARM.exidx.text.TIM1_BRK_UP_TRG_COM_IRQHandler) refers to icemaker.o(.text.TIM1_BRK_UP_TRG_COM_IRQHandler) for [Anonymous Symbol]
    icemaker.o(.text.motor_control) refers to serial.o(.text.uart_send_char) for uart_send_char
    icemaker.o(.text.motor_control) refers to icemaker.o(.rodata.str1.1) for [Anonymous Symbol]
    icemaker.o(.ARM.exidx.text.motor_control) refers to icemaker.o(.text.motor_control) for [Anonymous Symbol]
    icemaker.o(.text.hall_feedback) refers to icemaker.o(.bss.rtime) for rtime
    icemaker.o(.text.hall_feedback) refers to icemaker.o(.bss.t1) for t1
    icemaker.o(.text.hall_feedback) refers to icemaker.o(.bss.t2) for t2
    icemaker.o(.text.hall_feedback) refers to icemaker.o(.bss.hall_f) for hall_f
    icemaker.o(.ARM.exidx.text.hall_feedback) refers to icemaker.o(.text.hall_feedback) for [Anonymous Symbol]
    icemaker.o(.text.valve_config) refers to serial.o(.text.uart_send_char) for uart_send_char
    icemaker.o(.text.valve_config) refers to icemaker.o(.bss.vtime) for vtime
    icemaker.o(.text.valve_config) refers to icemaker.o(.bss.VALVE_FILLED_FLAG) for VALVE_FILLED_FLAG
    icemaker.o(.text.valve_config) refers to icemaker.o(.rodata.str1.1) for [Anonymous Symbol]
    icemaker.o(.ARM.exidx.text.valve_config) refers to icemaker.o(.text.valve_config) for [Anonymous Symbol]
    icemaker.o(.text.ice_box_rotation) refers to icemaker.o(.text.hall_feedback) for hall_feedback
    icemaker.o(.text.ice_box_rotation) refers to serial.o(.text.uart_send_num) for uart_send_num
    icemaker.o(.text.ice_box_rotation) refers to serial.o(.text.uart_send_char) for uart_send_char
    icemaker.o(.text.ice_box_rotation) refers to icemaker.o(.text.motor_control) for motor_control
    icemaker.o(.text.ice_box_rotation) refers to icemaker.o(.rodata.str1.1) for [Anonymous Symbol]
    icemaker.o(.text.ice_box_rotation) refers to icemaker.o(.bss.rtime) for rtime
    icemaker.o(.text.ice_box_rotation) refers to icemaker.o(.bss.hall_f) for hall_f
    icemaker.o(.text.ice_box_rotation) refers to icemaker.o(.bss.IB) for IB
    icemaker.o(.text.ice_box_rotation) refers to icemaker.o(.bss.IC) for IC
    icemaker.o(.text.ice_box_rotation) refers to icemaker.o(.bss.ICE_OPERATION) for ICE_OPERATION
    icemaker.o(.text.ice_box_rotation) refers to icemaker.o(.bss.VALVE_FILLED_FLAG) for VALVE_FILLED_FLAG
    icemaker.o(.text.ice_box_rotation) refers to icemaker.o(.bss.vtime) for vtime
    icemaker.o(.ARM.exidx.text.ice_box_rotation) refers to icemaker.o(.text.ice_box_rotation) for [Anonymous Symbol]
    icemaker.o(.text.ice_temp_check) refers to ntc.o(.text.temperature) for temperature
    icemaker.o(.text.ice_temp_check) refers to icemaker.o(.bss.ICE_OPERATION) for ICE_OPERATION
    icemaker.o(.ARM.exidx.text.ice_temp_check) refers to icemaker.o(.text.ice_temp_check) for [Anonymous Symbol]
    icemaker.o(.text.ice_making_operation) refers to serial.o(.text.uart_send_char) for uart_send_char
    icemaker.o(.text.ice_making_operation) refers to serial.o(.text.uart_send_num) for uart_send_num
    icemaker.o(.text.ice_making_operation) refers to icemaker.o(.text.valve_config) for valve_config
    icemaker.o(.text.ice_making_operation) refers to icemaker.o(.text.ice_temp_check) for ice_temp_check
    icemaker.o(.text.ice_making_operation) refers to ntc.o(.text.temperature) for temperature
    icemaker.o(.text.ice_making_operation) refers to icemaker.o(.text.ice_box_rotation) for ice_box_rotation
    icemaker.o(.text.ice_making_operation) refers to icemaker.o(.rodata.str1.1) for [Anonymous Symbol]
    icemaker.o(.text.ice_making_operation) refers to icemaker.o(.bss.hall_f) for hall_f
    icemaker.o(.text.ice_making_operation) refers to icemaker.o(.bss.IB) for IB
    icemaker.o(.text.ice_making_operation) refers to icemaker.o(.bss.IC) for IC
    icemaker.o(.text.ice_making_operation) refers to icemaker.o(.bss.VALVE_FILLED_FLAG) for VALVE_FILLED_FLAG
    icemaker.o(.text.ice_making_operation) refers to icemaker.o(.bss.ICE_OPERATION) for ICE_OPERATION
    icemaker.o(.ARM.exidx.text.ice_making_operation) refers to icemaker.o(.text.ice_making_operation) for [Anonymous Symbol]
    adc.o(.ARM.exidx.text.adc_enable_vreg) refers to adc.o(.text.adc_enable_vreg) for [Anonymous Symbol]
    adc.o(.text.adc_init) refers to adc.o(.text.adc_enable_vreg) for adc_enable_vreg
    adc.o(.ARM.exidx.text.adc_init) refers to adc.o(.text.adc_init) for [Anonymous Symbol]
    adc.o(.ARM.exidx.text.adc_read) refers to adc.o(.text.adc_read) for [Anonymous Symbol]
    adc.o(.text.adc_read_filtered) refers to adc.o(.text.adc_read) for adc_read
    adc.o(.ARM.exidx.text.adc_read_filtered) refers to adc.o(.text.adc_read_filtered) for [Anonymous Symbol]
    adc.o(.text.adc_read_Sx) refers to adc.o(.text.adc_read_filtered) for adc_read_filtered
    adc.o(.ARM.exidx.text.adc_read_Sx) refers to adc.o(.text.adc_read_Sx) for [Anonymous Symbol]
    ntc.o(.ARM.exidx.text.adctotemp) refers to ntc.o(.text.adctotemp) for [Anonymous Symbol]
    ntc.o(.text.temperature) refers to adc.o(.text.adc_read_filtered) for adc_read_filtered
    ntc.o(.text.temperature) refers to ntc.o(.text.adctotemp) for adctotemp
    ntc.o(.ARM.exidx.text.temperature) refers to ntc.o(.text.temperature) for [Anonymous Symbol]
    startup_stm32g030xx.o(STACK) refers (Special) to heapauxi.o(.text) for __use_two_region_memory
    startup_stm32g030xx.o(HEAP) refers (Special) to heapauxi.o(.text) for __use_two_region_memory
    startup_stm32g030xx.o(RESET) refers (Special) to heapauxi.o(.text) for __use_two_region_memory
    startup_stm32g030xx.o(RESET) refers to startup_stm32g030xx.o(STACK) for __initial_sp
    startup_stm32g030xx.o(RESET) refers to startup_stm32g030xx.o(.text) for Reset_Handler
    startup_stm32g030xx.o(RESET) refers to icemaker.o(.text.TIM1_BRK_UP_TRG_COM_IRQHandler) for TIM1_BRK_UP_TRG_COM_IRQHandler
    startup_stm32g030xx.o(.text) refers (Special) to heapauxi.o(.text) for __use_two_region_memory
    startup_stm32g030xx.o(.text) refers to system_stm32g0xx.o(.text.SystemInit) for SystemInit
    startup_stm32g030xx.o(.text) refers to __main.o(!!!main) for __main
    startup_stm32g030xx.o(.text) refers to startup_stm32g030xx.o(HEAP) for Heap_Mem
    startup_stm32g030xx.o(.text) refers to startup_stm32g030xx.o(STACK) for Stack_Mem
    system_stm32g0xx.o(.ARM.exidx.text.SystemInit) refers to system_stm32g0xx.o(.text.SystemInit) for [Anonymous Symbol]
    system_stm32g0xx.o(.text.SystemCoreClockUpdate) refers to aeabi_sdiv.o(.text) for __aeabi_uidiv
    system_stm32g0xx.o(.text.SystemCoreClockUpdate) refers to system_stm32g0xx.o(.data.SystemCoreClock) for SystemCoreClock
    system_stm32g0xx.o(.text.SystemCoreClockUpdate) refers to system_stm32g0xx.o(.rodata.AHBPrescTable) for AHBPrescTable
    system_stm32g0xx.o(.ARM.exidx.text.SystemCoreClockUpdate) refers to system_stm32g0xx.o(.text.SystemCoreClockUpdate) for [Anonymous Symbol]
    llsdiv.o(.text) refers to lludiv.o(.text) for __aeabi_uldivmod
    __main.o(!!!main) refers to __rtentry.o(.ARM.Collect$$rtentry$$00000000) for __rt_entry
    ffixi.o(.text) refers (Special) to usenofp.o(x$fpl$usenofp) for __I$use$fp
    fmul.o(x$fpl$fmul) refers (Special) to usenofp.o(x$fpl$usenofp) for __I$use$fp
    __rtentry.o(.ARM.Collect$$rtentry$$00000000) refers (Special) to __rtentry2.o(.ARM.Collect$$rtentry$$0000000A) for __rt_entry_li
    __rtentry.o(.ARM.Collect$$rtentry$$00000000) refers (Special) to __rtentry2.o(.ARM.Collect$$rtentry$$0000000D) for __rt_entry_main
    __rtentry.o(.ARM.Collect$$rtentry$$00000000) refers (Special) to __rtentry2.o(.ARM.Collect$$rtentry$$0000000C) for __rt_entry_postli_1
    __rtentry.o(.ARM.Collect$$rtentry$$00000000) refers (Special) to __rtentry2.o(.ARM.Collect$$rtentry$$00000009) for __rt_entry_postsh_1
    __rtentry.o(.ARM.Collect$$rtentry$$00000000) refers (Special) to __rtentry2.o(.ARM.Collect$$rtentry$$00000002) for __rt_entry_presh_1
    __rtentry.o(.ARM.Collect$$rtentry$$00000000) refers (Special) to __rtentry4.o(.ARM.Collect$$rtentry$$00000004) for __rt_entry_sh
    aeabi_idiv0_sigfpe.o(.text) refers to rt_div0.o(.text) for __rt_div0
    aeabi_ldiv0_sigfpe.o(.text) refers to rt_div0.o(.text) for __rt_div0
    __rtentry2.o(.ARM.Collect$$rtentry$$00000008) refers to boardinit2.o(.text) for _platform_post_stackheap_init
    __rtentry2.o(.ARM.Collect$$rtentry$$0000000A) refers to libinit.o(.ARM.Collect$$libinit$$00000000) for __rt_lib_init
    __rtentry2.o(.ARM.Collect$$rtentry$$0000000B) refers to boardinit3.o(.text) for _platform_post_lib_init
    __rtentry2.o(.ARM.Collect$$rtentry$$0000000D) refers to main.o(.text.main) for main
    __rtentry2.o(.ARM.Collect$$rtentry$$0000000D) refers to exit.o(.text) for exit
    __rtentry2.o(.ARM.exidx) refers to __rtentry2.o(.ARM.Collect$$rtentry$$00000001) for .ARM.Collect$$rtentry$$00000001
    __rtentry2.o(.ARM.exidx) refers to __rtentry2.o(.ARM.Collect$$rtentry$$00000008) for .ARM.Collect$$rtentry$$00000008
    __rtentry2.o(.ARM.exidx) refers to __rtentry2.o(.ARM.Collect$$rtentry$$0000000A) for .ARM.Collect$$rtentry$$0000000A
    __rtentry2.o(.ARM.exidx) refers to __rtentry2.o(.ARM.Collect$$rtentry$$0000000B) for .ARM.Collect$$rtentry$$0000000B
    __rtentry2.o(.ARM.exidx) refers to __rtentry2.o(.ARM.Collect$$rtentry$$0000000D) for .ARM.Collect$$rtentry$$0000000D
    __rtentry4.o(.ARM.Collect$$rtentry$$00000004) refers to sys_stackheap_outer.o(.text) for __user_setup_stackheap
    __rtentry4.o(.ARM.exidx) refers to __rtentry4.o(.ARM.Collect$$rtentry$$00000004) for .ARM.Collect$$rtentry$$00000004
    rt_div0.o(.text) refers to defsig_fpe_outer.o(.text) for __rt_SIGFPE
    sys_stackheap_outer.o(.text) refers to libspace.o(.text) for __user_perproc_libspace
    sys_stackheap_outer.o(.text) refers to startup_stm32g030xx.o(.text) for __user_initial_stackheap
    sys_stackheap_outer.o(__vectab_stack_and_reset_area) refers to tempstk.o(.text) for __temporary_stack_top
    sys_stackheap_outer.o(__vectab_stack_and_reset_area) refers to __main.o(!!!main) for __main
    exit.o(.text) refers to rtexit.o(.ARM.Collect$$rtexit$$00000000) for __rt_exit
    defsig_fpe_outer.o(.text) refers to defsig_fpe_inner.o(.text) for __rt_SIGFPE_inner
    defsig_fpe_outer.o(.text) refers to defsig_exit.o(.text) for __sig_exit
    defsig_fpe_formal.o(.text) refers to rt_raise.o(.text) for __rt_raise
    libinit.o(.ARM.Collect$$libinit$$00000000) refers (Special) to libinit2.o(.ARM.Collect$$libinit$$00000030) for __rt_lib_init_alloca_1
    libinit.o(.ARM.Collect$$libinit$$00000000) refers (Special) to libinit2.o(.ARM.Collect$$libinit$$0000002E) for __rt_lib_init_argv_1
    libinit.o(.ARM.Collect$$libinit$$00000000) refers (Special) to libinit2.o(.ARM.Collect$$libinit$$0000001D) for __rt_lib_init_atexit_1
    libinit.o(.ARM.Collect$$libinit$$00000000) refers (Special) to libinit2.o(.ARM.Collect$$libinit$$00000023) for __rt_lib_init_clock_1
    libinit.o(.ARM.Collect$$libinit$$00000000) refers (Special) to libinit2.o(.ARM.Collect$$libinit$$00000034) for __rt_lib_init_cpp_1
    libinit.o(.ARM.Collect$$libinit$$00000000) refers (Special) to libinit2.o(.ARM.Collect$$libinit$$00000032) for __rt_lib_init_exceptions_1
    libinit.o(.ARM.Collect$$libinit$$00000000) refers (Special) to libinit2.o(.ARM.Collect$$libinit$$00000002) for __rt_lib_init_fp_1
    libinit.o(.ARM.Collect$$libinit$$00000000) refers (Special) to libinit2.o(.ARM.Collect$$libinit$$00000021) for __rt_lib_init_fp_trap_1
    libinit.o(.ARM.Collect$$libinit$$00000000) refers (Special) to libinit2.o(.ARM.Collect$$libinit$$00000025) for __rt_lib_init_getenv_1
    libinit.o(.ARM.Collect$$libinit$$00000000) refers (Special) to libinit2.o(.ARM.Collect$$libinit$$0000000C) for __rt_lib_init_heap_1
    libinit.o(.ARM.Collect$$libinit$$00000000) refers (Special) to libinit2.o(.ARM.Collect$$libinit$$00000013) for __rt_lib_init_lc_collate_1
    libinit.o(.ARM.Collect$$libinit$$00000000) refers (Special) to libinit2.o(.ARM.Collect$$libinit$$00000015) for __rt_lib_init_lc_ctype_1
    libinit.o(.ARM.Collect$$libinit$$00000000) refers (Special) to libinit2.o(.ARM.Collect$$libinit$$00000017) for __rt_lib_init_lc_monetary_1
    libinit.o(.ARM.Collect$$libinit$$00000000) refers (Special) to libinit2.o(.ARM.Collect$$libinit$$00000019) for __rt_lib_init_lc_numeric_1
    libinit.o(.ARM.Collect$$libinit$$00000000) refers (Special) to libinit2.o(.ARM.Collect$$libinit$$0000001B) for __rt_lib_init_lc_time_1
    libinit.o(.ARM.Collect$$libinit$$00000000) refers (Special) to libinit2.o(.ARM.Collect$$libinit$$00000006) for __rt_lib_init_preinit_1
    libinit.o(.ARM.Collect$$libinit$$00000000) refers (Special) to libinit2.o(.ARM.Collect$$libinit$$00000010) for __rt_lib_init_rand_1
    libinit.o(.ARM.Collect$$libinit$$00000000) refers (Special) to libinit2.o(.ARM.Collect$$libinit$$00000004) for __rt_lib_init_relocate_pie_1
    libinit.o(.ARM.Collect$$libinit$$00000000) refers (Special) to libinit2.o(.ARM.Collect$$libinit$$00000035) for __rt_lib_init_return
    libinit.o(.ARM.Collect$$libinit$$00000000) refers (Special) to libinit2.o(.ARM.Collect$$libinit$$0000001F) for __rt_lib_init_signal_1
    libinit.o(.ARM.Collect$$libinit$$00000000) refers (Special) to libinit2.o(.ARM.Collect$$libinit$$00000027) for __rt_lib_init_stdio_1
    libinit.o(.ARM.Collect$$libinit$$00000000) refers (Special) to libinit2.o(.ARM.Collect$$libinit$$0000000E) for __rt_lib_init_user_alloc_1
    libspace.o(.text) refers to libspace.o(.bss) for __libspace_start
    rtexit.o(.ARM.Collect$$rtexit$$00000000) refers (Special) to rtexit2.o(.ARM.Collect$$rtexit$$00000004) for __rt_exit_exit
    rtexit.o(.ARM.Collect$$rtexit$$00000000) refers (Special) to rtexit2.o(.ARM.Collect$$rtexit$$00000003) for __rt_exit_ls
    rtexit.o(.ARM.Collect$$rtexit$$00000000) refers (Special) to rtexit2.o(.ARM.Collect$$rtexit$$00000002) for __rt_exit_prels_1
    rtexit.o(.ARM.exidx) refers (Special) to rtexit2.o(.ARM.Collect$$rtexit$$00000004) for __rt_exit_exit
    rtexit.o(.ARM.exidx) refers (Special) to rtexit2.o(.ARM.Collect$$rtexit$$00000003) for __rt_exit_ls
    rtexit.o(.ARM.exidx) refers (Special) to rtexit2.o(.ARM.Collect$$rtexit$$00000002) for __rt_exit_prels_1
    rtexit.o(.ARM.exidx) refers to rtexit.o(.ARM.Collect$$rtexit$$00000000) for .ARM.Collect$$rtexit$$00000000
    rt_raise.o(.text) refers to __raise.o(.text) for __raise
    rt_raise.o(.text) refers to sys_exit.o(.text) for _sys_exit
    defsig_exit.o(.text) refers to sys_exit.o(.text) for _sys_exit
    defsig_fpe_inner.o(.text) refers to defsig_general.o(.text) for __default_signal_display
    libinit2.o(.ARM.Collect$$libinit$$00000012) refers to libinit2.o(.ARM.Collect$$libinit$$00000011) for .ARM.Collect$$libinit$$00000011
    libinit2.o(.ARM.Collect$$libinit$$00000014) refers to libinit2.o(.ARM.Collect$$libinit$$00000011) for .ARM.Collect$$libinit$$00000011
    libinit2.o(.ARM.Collect$$libinit$$00000016) refers to libinit2.o(.ARM.Collect$$libinit$$00000011) for .ARM.Collect$$libinit$$00000011
    libinit2.o(.ARM.Collect$$libinit$$00000018) refers to libinit2.o(.ARM.Collect$$libinit$$00000011) for .ARM.Collect$$libinit$$00000011
    libinit2.o(.ARM.Collect$$libinit$$0000001A) refers to libinit2.o(.ARM.Collect$$libinit$$00000011) for .ARM.Collect$$libinit$$00000011
    libinit2.o(.ARM.Collect$$libinit$$00000028) refers to argv_veneer.o(.text) for __ARM_argv_veneer
    libinit2.o(.ARM.Collect$$libinit$$00000029) refers to argv_veneer.o(.text) for __ARM_argv_veneer
    sys_exit.o(.text) refers (Special) to use_no_semi.o(.text) for __I$use$semihosting
    sys_exit.o(.text) refers (Special) to indicate_semi.o(.text) for __semihosting_library_function
    sys_exit_hlt.o(.text) refers (Special) to use_no_semi.o(.text) for __I$use$semihosting
    sys_exit_hlt.o(.text) refers (Special) to indicate_semi.o(.text) for __semihosting_library_function
    rtexit2.o(.ARM.Collect$$rtexit$$00000003) refers to libshutdown.o(.ARM.Collect$$libshutdown$$00000000) for __rt_lib_shutdown
    rtexit2.o(.ARM.Collect$$rtexit$$00000004) refers to sys_exit.o(.text) for _sys_exit
    rtexit2.o(.ARM.exidx) refers to rtexit2.o(.ARM.Collect$$rtexit$$00000001) for .ARM.Collect$$rtexit$$00000001
    rtexit2.o(.ARM.exidx) refers to rtexit2.o(.ARM.Collect$$rtexit$$00000003) for .ARM.Collect$$rtexit$$00000003
    rtexit2.o(.ARM.exidx) refers to rtexit2.o(.ARM.Collect$$rtexit$$00000004) for .ARM.Collect$$rtexit$$00000004
    __raise.o(.text) refers to defsig.o(CL$$defsig) for __default_signal_handler
    defsig_general.o(.text) refers to sys_wrch.o(.text) for _ttywrch
    sys_wrch.o(.text) refers (Special) to use_no_semi.o(.text) for __I$use$semihosting
    sys_wrch.o(.text) refers (Special) to indicate_semi.o(.text) for __semihosting_library_function
    sys_wrch_hlt.o(.text) refers (Special) to use_no_semi.o(.text) for __I$use$semihosting
    sys_wrch_hlt.o(.text) refers (Special) to indicate_semi.o(.text) for __semihosting_library_function
    defsig.o(CL$$defsig) refers to defsig_fpe_inner.o(.text) for __rt_SIGFPE_inner
    defsig.o(CL$$defsig) refers to defsig_rtmem_inner.o(.text) for __rt_SIGRTMEM_inner
    _get_argv_nomalloc.o(.text) refers (Special) to hrguard.o(.text) for __heap_region$guard
    _get_argv_nomalloc.o(.text) refers to defsig_rtmem_outer.o(.text) for __rt_SIGRTMEM
    _get_argv_nomalloc.o(.text) refers to sys_command.o(.text) for _sys_command_string
    libshutdown.o(.ARM.Collect$$libshutdown$$00000000) refers (Special) to libshutdown2.o(.ARM.Collect$$libshutdown$$00000002) for __rt_lib_shutdown_cpp_1
    libshutdown.o(.ARM.Collect$$libshutdown$$00000000) refers (Special) to libshutdown2.o(.ARM.Collect$$libshutdown$$00000007) for __rt_lib_shutdown_fp_trap_1
    libshutdown.o(.ARM.Collect$$libshutdown$$00000000) refers (Special) to libshutdown2.o(.ARM.Collect$$libshutdown$$0000000F) for __rt_lib_shutdown_heap_1
    libshutdown.o(.ARM.Collect$$libshutdown$$00000000) refers (Special) to libshutdown2.o(.ARM.Collect$$libshutdown$$00000010) for __rt_lib_shutdown_return
    libshutdown.o(.ARM.Collect$$libshutdown$$00000000) refers (Special) to libshutdown2.o(.ARM.Collect$$libshutdown$$0000000A) for __rt_lib_shutdown_signal_1
    libshutdown.o(.ARM.Collect$$libshutdown$$00000000) refers (Special) to libshutdown2.o(.ARM.Collect$$libshutdown$$00000004) for __rt_lib_shutdown_stdio_1
    libshutdown.o(.ARM.Collect$$libshutdown$$00000000) refers (Special) to libshutdown2.o(.ARM.Collect$$libshutdown$$0000000C) for __rt_lib_shutdown_user_alloc_1
    sys_command.o(.text) refers (Special) to use_no_semi.o(.text) for __I$use$semihosting
    sys_command.o(.text) refers (Special) to indicate_semi.o(.text) for __semihosting_library_function
    sys_command_hlt.o(.text) refers (Special) to use_no_semi.o(.text) for __I$use$semihosting
    sys_command_hlt.o(.text) refers (Special) to indicate_semi.o(.text) for __semihosting_library_function
    defsig_abrt_inner.o(.text) refers to defsig_general.o(.text) for __default_signal_display
    defsig_rtred_inner.o(.text) refers to defsig_general.o(.text) for __default_signal_display
    defsig_rtmem_inner.o(.text) refers to defsig_general.o(.text) for __default_signal_display
    defsig_rtmem_outer.o(.text) refers to defsig_rtmem_inner.o(.text) for __rt_SIGRTMEM_inner
    defsig_rtmem_outer.o(.text) refers to defsig_exit.o(.text) for __sig_exit
    defsig_rtmem_formal.o(.text) refers to rt_raise.o(.text) for __rt_raise
    defsig_stak_inner.o(.text) refers to defsig_general.o(.text) for __default_signal_display
    defsig_pvfn_inner.o(.text) refers to defsig_general.o(.text) for __default_signal_display
    defsig_cppl_inner.o(.text) refers to defsig_general.o(.text) for __default_signal_display
    defsig_segv_inner.o(.text) refers to defsig_general.o(.text) for __default_signal_display
    defsig_other.o(.text) refers to defsig_general.o(.text) for __default_signal_display


==============================================================================

Removing Unused input sections from the image.

    Removing main.o(.text), (0 bytes).
    Removing main.o(.ARM.exidx.text.main), (8 bytes).
    Removing main.o(.ARM.use_no_argv), (4 bytes).
    Removing serial.o(.text), (0 bytes).
    Removing serial.o(.ARM.exidx.text.uart_Init), (8 bytes).
    Removing serial.o(.ARM.exidx.text.uart_char), (8 bytes).
    Removing serial.o(.ARM.exidx.text.uart_send_char), (8 bytes).
    Removing serial.o(.ARM.exidx.text.uart_send_num), (8 bytes).
    Removing serial.o(.text.uart_send_num_arr), (56 bytes).
    Removing serial.o(.ARM.exidx.text.uart_send_num_arr), (8 bytes).
    Removing serial.o(.text.uart_flush), (24 bytes).
    Removing serial.o(.ARM.exidx.text.uart_flush), (8 bytes).
    Removing serial.o(.text.uart_send_num_bin), (104 bytes).
    Removing serial.o(.ARM.exidx.text.uart_send_num_bin), (8 bytes).
    Removing serial.o(.text.uart_send_num_float), (328 bytes).
    Removing serial.o(.ARM.exidx.text.uart_send_num_float), (8 bytes).
    Removing serial.o(.rodata..L__const.uart_send_num.arr), (10 bytes).
    Removing serial.o(.rodata.str1.1), (3 bytes).
    Removing serial.o(.rodata..L__const.uart_send_num_float.arr), (10 bytes).
    Removing timer.o(.text), (0 bytes).
    Removing timer.o(.ARM.exidx.text.timer_Init), (8 bytes).
    Removing timer.o(.ARM.exidx.text.__NVIC_SetPriority), (8 bytes).
    Removing timer.o(.ARM.exidx.text.__NVIC_EnableIRQ), (8 bytes).
    Removing timer.o(.text.timer1_ouput), (12 bytes).
    Removing timer.o(.ARM.exidx.text.timer1_ouput), (8 bytes).
    Removing timer.o(.text.TIM1_IRQHandler), (24 bytes).
    Removing timer.o(.ARM.exidx.text.TIM1_IRQHandler), (8 bytes).
    Removing timer.o(.ARM.exidx.text.delay), (8 bytes).
    Removing icemaker.o(.text), (0 bytes).
    Removing icemaker.o(.ARM.exidx.text.TIM1_BRK_UP_TRG_COM_IRQHandler), (8 bytes).
    Removing icemaker.o(.ARM.exidx.text.motor_control), (8 bytes).
    Removing icemaker.o(.ARM.exidx.text.hall_feedback), (8 bytes).
    Removing icemaker.o(.ARM.exidx.text.valve_config), (8 bytes).
    Removing icemaker.o(.ARM.exidx.text.ice_box_rotation), (8 bytes).
    Removing icemaker.o(.ARM.exidx.text.ice_temp_check), (8 bytes).
    Removing icemaker.o(.ARM.exidx.text.ice_making_operation), (8 bytes).
    Removing icemaker.o(.data.timer_value), (2 bytes).
    Removing adc.o(.text), (0 bytes).
    Removing adc.o(.ARM.exidx.text.adc_enable_vreg), (8 bytes).
    Removing adc.o(.ARM.exidx.text.adc_init), (8 bytes).
    Removing adc.o(.ARM.exidx.text.adc_read), (8 bytes).
    Removing adc.o(.ARM.exidx.text.adc_read_filtered), (8 bytes).
    Removing adc.o(.text.adc_read_Sx), (48 bytes).
    Removing adc.o(.ARM.exidx.text.adc_read_Sx), (8 bytes).
    Removing adc.o(.rodata..L__const.adc_read_Sx.index), (10 bytes).
    Removing ntc.o(.text), (0 bytes).
    Removing ntc.o(.ARM.exidx.text.adctotemp), (8 bytes).
    Removing ntc.o(.ARM.exidx.text.temperature), (8 bytes).
    Removing system_stm32g0xx.o(.text), (0 bytes).
    Removing system_stm32g0xx.o(.ARM.exidx.text.SystemInit), (8 bytes).
    Removing system_stm32g0xx.o(.text.SystemCoreClockUpdate), (380 bytes).
    Removing system_stm32g0xx.o(.ARM.exidx.text.SystemCoreClockUpdate), (8 bytes).
    Removing system_stm32g0xx.o(.data.SystemCoreClock), (4 bytes).
    Removing system_stm32g0xx.o(.rodata.AHBPrescTable), (64 bytes).
    Removing system_stm32g0xx.o(.rodata.APBPrescTable), (32 bytes).

55 unused section(s) (total 1363 bytes) removed from the image.

==============================================================================

Image Symbol Table

    Local Symbols

    Symbol Name                              Value     Ov Type        Size  Object(Section)

    ../clib/angel/boardlib.s                 0x00000000   Number         0  boardinit1.o ABSOLUTE
    ../clib/angel/boardlib.s                 0x00000000   Number         0  boardinit2.o ABSOLUTE
    ../clib/angel/boardlib.s                 0x00000000   Number         0  boardinit3.o ABSOLUTE
    ../clib/angel/boardlib.s                 0x00000000   Number         0  boardshut.o ABSOLUTE
    ../clib/angel/handlers.s                 0x00000000   Number         0  __scatter_zi.o ABSOLUTE
    ../clib/angel/kernel.s                   0x00000000   Number         0  __rtentry.o ABSOLUTE
    ../clib/angel/kernel.s                   0x00000000   Number         0  __rtentry2.o ABSOLUTE
    ../clib/angel/kernel.s                   0x00000000   Number         0  __rtentry4.o ABSOLUTE
    ../clib/angel/kernel.s                   0x00000000   Number         0  rtexit.o ABSOLUTE
    ../clib/angel/kernel.s                   0x00000000   Number         0  rtexit2.o ABSOLUTE
    ../clib/angel/rt.s                       0x00000000   Number         0  aeabi_idiv0.o ABSOLUTE
    ../clib/angel/rt.s                       0x00000000   Number         0  aeabi_idiv0_sigfpe.o ABSOLUTE
    ../clib/angel/rt.s                       0x00000000   Number         0  aeabi_ldiv0.o ABSOLUTE
    ../clib/angel/rt.s                       0x00000000   Number         0  aeabi_ldiv0_sigfpe.o ABSOLUTE
    ../clib/angel/rt.s                       0x00000000   Number         0  rt_div0.o ABSOLUTE
    ../clib/angel/rt.s                       0x00000000   Number         0  rt_raise.o ABSOLUTE
    ../clib/angel/scatterp.s                 0x00000000   Number         0  __scatter.o ABSOLUTE
    ../clib/angel/startup.s                  0x00000000   Number         0  __main.o ABSOLUTE
    ../clib/angel/sys.s                      0x00000000   Number         0  sys_stackheap_outer.o ABSOLUTE
    ../clib/angel/sys.s                      0x00000000   Number         0  libspace.o ABSOLUTE
    ../clib/angel/sys.s                      0x00000000   Number         0  tempstk.o ABSOLUTE
    ../clib/angel/sys.s                      0x00000000   Number         0  use_no_semi.o ABSOLUTE
    ../clib/angel/sys.s                      0x00000000   Number         0  indicate_semi.o ABSOLUTE
    ../clib/angel/sysapp.c                   0x00000000   Number         0  sys_exit.o ABSOLUTE
    ../clib/angel/sysapp.c                   0x00000000   Number         0  sys_exit_hlt.o ABSOLUTE
    ../clib/angel/sysapp.c                   0x00000000   Number         0  sys_wrch.o ABSOLUTE
    ../clib/angel/sysapp.c                   0x00000000   Number         0  sys_wrch_hlt.o ABSOLUTE
    ../clib/angel/sysapp.c                   0x00000000   Number         0  sys_command.o ABSOLUTE
    ../clib/angel/sysapp.c                   0x00000000   Number         0  sys_command_hlt.o ABSOLUTE
    ../clib/armsys.c                         0x00000000   Number         0  argv_veneer.o ABSOLUTE
    ../clib/armsys.c                         0x00000000   Number         0  _get_argv_nomalloc.o ABSOLUTE
    ../clib/armsys.c                         0x00000000   Number         0  no_argv.o ABSOLUTE
    ../clib/division.c                       0x00000000   Number         0  llsdiv.o ABSOLUTE
    ../clib/division.c                       0x00000000   Number         0  lludiv.o ABSOLUTE
    ../clib/division.s                       0x00000000   Number         0  aeabi_sdiv.o ABSOLUTE
    ../clib/division.s                       0x00000000   Number         0  aeabi_sdiv_div0.o ABSOLUTE
    ../clib/heapalloc.c                      0x00000000   Number         0  hrguard.o ABSOLUTE
    ../clib/heapaux.c                        0x00000000   Number         0  heapauxi.o ABSOLUTE
    ../clib/libinit.s                        0x00000000   Number         0  libinit.o ABSOLUTE
    ../clib/libinit.s                        0x00000000   Number         0  libinit2.o ABSOLUTE
    ../clib/libinit.s                        0x00000000   Number         0  libshutdown.o ABSOLUTE
    ../clib/libinit.s                        0x00000000   Number         0  libshutdown2.o ABSOLUTE
    ../clib/signal.c                         0x00000000   Number         0  defsig_fpe_outer.o ABSOLUTE
    ../clib/signal.c                         0x00000000   Number         0  defsig_fpe_formal.o ABSOLUTE
    ../clib/signal.c                         0x00000000   Number         0  defsig_exit.o ABSOLUTE
    ../clib/signal.c                         0x00000000   Number         0  defsig_fpe_inner.o ABSOLUTE
    ../clib/signal.c                         0x00000000   Number         0  __raise.o ABSOLUTE
    ../clib/signal.c                         0x00000000   Number         0  defsig_general.o ABSOLUTE
    ../clib/signal.c                         0x00000000   Number         0  defsig_abrt_inner.o ABSOLUTE
    ../clib/signal.c                         0x00000000   Number         0  defsig_rtred_inner.o ABSOLUTE
    ../clib/signal.c                         0x00000000   Number         0  defsig_rtmem_inner.o ABSOLUTE
    ../clib/signal.c                         0x00000000   Number         0  defsig_rtmem_outer.o ABSOLUTE
    ../clib/signal.c                         0x00000000   Number         0  defsig_rtmem_formal.o ABSOLUTE
    ../clib/signal.c                         0x00000000   Number         0  defsig_stak_inner.o ABSOLUTE
    ../clib/signal.c                         0x00000000   Number         0  defsig_pvfn_inner.o ABSOLUTE
    ../clib/signal.c                         0x00000000   Number         0  defsig_cppl_inner.o ABSOLUTE
    ../clib/signal.c                         0x00000000   Number         0  defsig_segv_inner.o ABSOLUTE
    ../clib/signal.c                         0x00000000   Number         0  defsig_other.o ABSOLUTE
    ../clib/signal.s                         0x00000000   Number         0  defsig.o ABSOLUTE
    ../clib/stdlib.c                         0x00000000   Number         0  exit.o ABSOLUTE
    ../fplib/cfplib/ffix.c                   0x00000000   Number         0  ffixi.o ABSOLUTE
    ../fplib/cfplib/fpinit.c                 0x00000000   Number         0  fpinit.o ABSOLUTE
    ../fplib/fmul6m.s                        0x00000000   Number         0  fmul.o ABSOLUTE
    ../fplib/usenofp.s                       0x00000000   Number         0  usenofp.o ABSOLUTE
    RTE/Device/STM32G030F6Px/startup_stm32g030xx.s 0x00000000   Number         0  startup_stm32g030xx.o ABSOLUTE
    adc.c                                    0x00000000   Number         0  adc.o ABSOLUTE
    dc.s                                     0x00000000   Number         0  dc.o ABSOLUTE
    icemaker.c                               0x00000000   Number         0  icemaker.o ABSOLUTE
    main.c                                   0x00000000   Number         0  main.o ABSOLUTE
    ntc.c                                    0x00000000   Number         0  ntc.o ABSOLUTE
    serial.c                                 0x00000000   Number         0  serial.o ABSOLUTE
    system_stm32g0xx.c                       0x00000000   Number         0  system_stm32g0xx.o ABSOLUTE
    timer.c                                  0x00000000   Number         0  timer.o ABSOLUTE
    RESET                                    0x08000000   Section      192  startup_stm32g030xx.o(RESET)
    !!!main                                  0x080000c0   Section        8  __main.o(!!!main)
    !!!scatter                               0x080000c8   Section       84  __scatter.o(!!!scatter)
    !!handler_null                           0x0800011c   Section        2  __scatter.o(!!handler_null)
    !!handler_zi                             0x08000120   Section       28  __scatter_zi.o(!!handler_zi)
    .ARM.Collect$$libinit$$00000000          0x0800013c   Section        2  libinit.o(.ARM.Collect$$libinit$$00000000)
    .ARM.Collect$$libinit$$00000002          0x0800013e   Section        0  libinit2.o(.ARM.Collect$$libinit$$00000002)
    .ARM.Collect$$libinit$$00000004          0x0800013e   Section        0  libinit2.o(.ARM.Collect$$libinit$$00000004)
    .ARM.Collect$$libinit$$00000006          0x0800013e   Section        0  libinit2.o(.ARM.Collect$$libinit$$00000006)
    .ARM.Collect$$libinit$$0000000C          0x0800013e   Section        0  libinit2.o(.ARM.Collect$$libinit$$0000000C)
    .ARM.Collect$$libinit$$0000000E          0x0800013e   Section        0  libinit2.o(.ARM.Collect$$libinit$$0000000E)
    .ARM.Collect$$libinit$$00000010          0x0800013e   Section        0  libinit2.o(.ARM.Collect$$libinit$$00000010)
    .ARM.Collect$$libinit$$00000013          0x0800013e   Section        0  libinit2.o(.ARM.Collect$$libinit$$00000013)
    .ARM.Collect$$libinit$$00000015          0x0800013e   Section        0  libinit2.o(.ARM.Collect$$libinit$$00000015)
    .ARM.Collect$$libinit$$00000017          0x0800013e   Section        0  libinit2.o(.ARM.Collect$$libinit$$00000017)
    .ARM.Collect$$libinit$$00000019          0x0800013e   Section        0  libinit2.o(.ARM.Collect$$libinit$$00000019)
    .ARM.Collect$$libinit$$0000001B          0x0800013e   Section        0  libinit2.o(.ARM.Collect$$libinit$$0000001B)
    .ARM.Collect$$libinit$$0000001D          0x0800013e   Section        0  libinit2.o(.ARM.Collect$$libinit$$0000001D)
    .ARM.Collect$$libinit$$0000001F          0x0800013e   Section        0  libinit2.o(.ARM.Collect$$libinit$$0000001F)
    .ARM.Collect$$libinit$$00000021          0x0800013e   Section        0  libinit2.o(.ARM.Collect$$libinit$$00000021)
    .ARM.Collect$$libinit$$00000023          0x0800013e   Section        0  libinit2.o(.ARM.Collect$$libinit$$00000023)
    .ARM.Collect$$libinit$$00000025          0x0800013e   Section        0  libinit2.o(.ARM.Collect$$libinit$$00000025)
    .ARM.Collect$$libinit$$00000027          0x0800013e   Section        0  libinit2.o(.ARM.Collect$$libinit$$00000027)
    .ARM.Collect$$libinit$$0000002E          0x0800013e   Section        0  libinit2.o(.ARM.Collect$$libinit$$0000002E)
    .ARM.Collect$$libinit$$00000030          0x0800013e   Section        0  libinit2.o(.ARM.Collect$$libinit$$00000030)
    .ARM.Collect$$libinit$$00000032          0x0800013e   Section        0  libinit2.o(.ARM.Collect$$libinit$$00000032)
    .ARM.Collect$$libinit$$00000034          0x0800013e   Section        0  libinit2.o(.ARM.Collect$$libinit$$00000034)
    .ARM.Collect$$libinit$$00000035          0x0800013e   Section        2  libinit2.o(.ARM.Collect$$libinit$$00000035)
    .ARM.Collect$$libshutdown$$00000000      0x08000140   Section        2  libshutdown.o(.ARM.Collect$$libshutdown$$00000000)
    .ARM.Collect$$libshutdown$$00000002      0x08000142   Section        0  libshutdown2.o(.ARM.Collect$$libshutdown$$00000002)
    .ARM.Collect$$libshutdown$$00000004      0x08000142   Section        0  libshutdown2.o(.ARM.Collect$$libshutdown$$00000004)
    .ARM.Collect$$libshutdown$$00000007      0x08000142   Section        0  libshutdown2.o(.ARM.Collect$$libshutdown$$00000007)
    .ARM.Collect$$libshutdown$$0000000A      0x08000142   Section        0  libshutdown2.o(.ARM.Collect$$libshutdown$$0000000A)
    .ARM.Collect$$libshutdown$$0000000C      0x08000142   Section        0  libshutdown2.o(.ARM.Collect$$libshutdown$$0000000C)
    .ARM.Collect$$libshutdown$$0000000F      0x08000142   Section        0  libshutdown2.o(.ARM.Collect$$libshutdown$$0000000F)
    .ARM.Collect$$libshutdown$$00000010      0x08000142   Section        2  libshutdown2.o(.ARM.Collect$$libshutdown$$00000010)
    .ARM.Collect$$rtentry$$00000000          0x08000144   Section        0  __rtentry.o(.ARM.Collect$$rtentry$$00000000)
    .ARM.Collect$$rtentry$$00000002          0x08000144   Section        0  __rtentry2.o(.ARM.Collect$$rtentry$$00000002)
    .ARM.Collect$$rtentry$$00000004          0x08000144   Section        6  __rtentry4.o(.ARM.Collect$$rtentry$$00000004)
    .ARM.Collect$$rtentry$$00000009          0x0800014a   Section        0  __rtentry2.o(.ARM.Collect$$rtentry$$00000009)
    .ARM.Collect$$rtentry$$0000000A          0x0800014a   Section        4  __rtentry2.o(.ARM.Collect$$rtentry$$0000000A)
    .ARM.Collect$$rtentry$$0000000C          0x0800014e   Section        0  __rtentry2.o(.ARM.Collect$$rtentry$$0000000C)
    .ARM.Collect$$rtentry$$0000000D          0x0800014e   Section        8  __rtentry2.o(.ARM.Collect$$rtentry$$0000000D)
    .ARM.Collect$$rtexit$$00000000           0x08000156   Section        2  rtexit.o(.ARM.Collect$$rtexit$$00000000)
    .ARM.Collect$$rtexit$$00000002           0x08000158   Section        0  rtexit2.o(.ARM.Collect$$rtexit$$00000002)
    .ARM.Collect$$rtexit$$00000003           0x08000158   Section        4  rtexit2.o(.ARM.Collect$$rtexit$$00000003)
    .ARM.Collect$$rtexit$$00000004           0x0800015c   Section        6  rtexit2.o(.ARM.Collect$$rtexit$$00000004)
    .text                                    0x08000164   Section       56  startup_stm32g030xx.o(.text)
    .text                                    0x0800019c   Section      364  aeabi_sdiv.o(.text)
    .text                                    0x08000308   Section        0  heapauxi.o(.text)
    .text                                    0x0800030e   Section       62  sys_stackheap_outer.o(.text)
    .text                                    0x0800034c   Section        0  exit.o(.text)
    .text                                    0x0800035c   Section        8  libspace.o(.text)
    .text                                    0x08000364   Section        0  sys_exit.o(.text)
    .text                                    0x08000370   Section        2  use_no_semi.o(.text)
    [Anonymous Symbol]                       0x08000372   Section        0  system_stm32g0xx.o(.text.SystemInit)
    .text                                    0x08000372   Section        0  indicate_semi.o(.text)
    [Anonymous Symbol]                       0x08000374   Section        0  icemaker.o(.text.TIM1_BRK_UP_TRG_COM_IRQHandler)
    __arm_cp.0_0                             0x080003e0   Number         4  icemaker.o(.text.TIM1_BRK_UP_TRG_COM_IRQHandler)
    __arm_cp.0_1                             0x080003e4   Number         4  icemaker.o(.text.TIM1_BRK_UP_TRG_COM_IRQHandler)
    __arm_cp.0_2                             0x080003e8   Number         4  icemaker.o(.text.TIM1_BRK_UP_TRG_COM_IRQHandler)
    __arm_cp.0_3                             0x080003ec   Number         4  icemaker.o(.text.TIM1_BRK_UP_TRG_COM_IRQHandler)
    __arm_cp.0_4                             0x080003f0   Number         4  icemaker.o(.text.TIM1_BRK_UP_TRG_COM_IRQHandler)
    __NVIC_EnableIRQ                         0x080003f5   Thumb Code    40  timer.o(.text.__NVIC_EnableIRQ)
    [Anonymous Symbol]                       0x080003f4   Section        0  timer.o(.text.__NVIC_EnableIRQ)
    __arm_cp.2_0                             0x0800041c   Number         4  timer.o(.text.__NVIC_EnableIRQ)
    __NVIC_SetPriority                       0x08000421   Thumb Code   124  timer.o(.text.__NVIC_SetPriority)
    [Anonymous Symbol]                       0x08000420   Section        0  timer.o(.text.__NVIC_SetPriority)
    __arm_cp.1_0                             0x0800049c   Number         4  timer.o(.text.__NVIC_SetPriority)
    __arm_cp.1_1                             0x080004a0   Number         4  timer.o(.text.__NVIC_SetPriority)
    [Anonymous Symbol]                       0x080004a4   Section        0  adc.o(.text.adc_enable_vreg)
    [Anonymous Symbol]                       0x080004fc   Section        0  adc.o(.text.adc_init)
    __arm_cp.1_0                             0x0800065c   Number         4  adc.o(.text.adc_init)
    __arm_cp.1_1                             0x08000660   Number         4  adc.o(.text.adc_init)
    __arm_cp.1_2                             0x08000664   Number         4  adc.o(.text.adc_init)
    __arm_cp.1_3                             0x08000668   Number         4  adc.o(.text.adc_init)
    __arm_cp.1_4                             0x0800066c   Number         4  adc.o(.text.adc_init)
    __arm_cp.1_5                             0x08000670   Number         4  adc.o(.text.adc_init)
    __arm_cp.1_8                             0x08000674   Number         4  adc.o(.text.adc_init)
    __arm_cp.1_9                             0x08000678   Number         4  adc.o(.text.adc_init)
    __arm_cp.1_10                            0x0800067c   Number         4  adc.o(.text.adc_init)
    [Anonymous Symbol]                       0x08000680   Section        0  adc.o(.text.adc_read)
    __arm_cp.2_0                             0x0800070c   Number         4  adc.o(.text.adc_read)
    __arm_cp.2_1                             0x08000710   Number         4  adc.o(.text.adc_read)
    __arm_cp.2_2                             0x08000714   Number         4  adc.o(.text.adc_read)
    __arm_cp.2_3                             0x08000718   Number         4  adc.o(.text.adc_read)
    [Anonymous Symbol]                       0x0800071c   Section        0  adc.o(.text.adc_read_filtered)
    [Anonymous Symbol]                       0x0800073c   Section        0  ntc.o(.text.adctotemp)
    __arm_cp.0_0                             0x0800087c   Number         4  ntc.o(.text.adctotemp)
    __arm_cp.0_1                             0x08000880   Number         4  ntc.o(.text.adctotemp)
    __arm_cp.0_2                             0x08000884   Number         4  ntc.o(.text.adctotemp)
    __arm_cp.0_3                             0x08000888   Number         4  ntc.o(.text.adctotemp)
    __arm_cp.0_4                             0x0800088c   Number         4  ntc.o(.text.adctotemp)
    __arm_cp.0_5                             0x08000890   Number         4  ntc.o(.text.adctotemp)
    __arm_cp.0_6                             0x08000894   Number         4  ntc.o(.text.adctotemp)
    __arm_cp.0_7                             0x08000898   Number         4  ntc.o(.text.adctotemp)
    __arm_cp.0_8                             0x0800089c   Number         4  ntc.o(.text.adctotemp)
    __arm_cp.0_9                             0x080008a0   Number         4  ntc.o(.text.adctotemp)
    __arm_cp.0_10                            0x080008a4   Number         4  ntc.o(.text.adctotemp)
    __arm_cp.0_11                            0x080008a8   Number         4  ntc.o(.text.adctotemp)
    __arm_cp.0_12                            0x080008ac   Number         4  ntc.o(.text.adctotemp)
    __arm_cp.0_13                            0x080008b0   Number         4  ntc.o(.text.adctotemp)
    __arm_cp.0_14                            0x080008b4   Number         4  ntc.o(.text.adctotemp)
    __arm_cp.0_15                            0x080008b8   Number         4  ntc.o(.text.adctotemp)
    __arm_cp.0_16                            0x080008bc   Number         4  ntc.o(.text.adctotemp)
    __arm_cp.0_17                            0x080008c0   Number         4  ntc.o(.text.adctotemp)
    __arm_cp.0_18                            0x080008c4   Number         4  ntc.o(.text.adctotemp)
    __arm_cp.0_19                            0x080008c8   Number         4  ntc.o(.text.adctotemp)
    __arm_cp.0_20                            0x080008cc   Number         4  ntc.o(.text.adctotemp)
    __arm_cp.0_21                            0x080008d0   Number         4  ntc.o(.text.adctotemp)
    __arm_cp.0_22                            0x080008d4   Number         4  ntc.o(.text.adctotemp)
    __arm_cp.0_23                            0x080008d8   Number         4  ntc.o(.text.adctotemp)
    __arm_cp.0_24                            0x080008dc   Number         4  ntc.o(.text.adctotemp)
    __arm_cp.0_25                            0x080008e0   Number         4  ntc.o(.text.adctotemp)
    [Anonymous Symbol]                       0x080008e4   Section        0  timer.o(.text.delay)
    [Anonymous Symbol]                       0x08000914   Section        0  icemaker.o(.text.hall_feedback)
    __arm_cp.2_0                             0x080009a8   Number         4  icemaker.o(.text.hall_feedback)
    __arm_cp.2_1                             0x080009ac   Number         4  icemaker.o(.text.hall_feedback)
    __arm_cp.2_3                             0x080009b0   Number         4  icemaker.o(.text.hall_feedback)
    __arm_cp.2_4                             0x080009b4   Number         4  icemaker.o(.text.hall_feedback)
    __arm_cp.2_5                             0x080009b8   Number         4  icemaker.o(.text.hall_feedback)
    [Anonymous Symbol]                       0x080009bc   Section        0  icemaker.o(.text.ice_box_rotation)
    __arm_cp.4_1                             0x08000b54   Number         4  icemaker.o(.text.ice_box_rotation)
    __arm_cp.4_2                             0x08000b58   Number         4  icemaker.o(.text.ice_box_rotation)
    __arm_cp.4_8                             0x08000b5c   Number         4  icemaker.o(.text.ice_box_rotation)
    [Anonymous Symbol]                       0x08000b60   Section        0  icemaker.o(.text.ice_making_operation)
    __arm_cp.6_0                             0x08000be0   Number         4  icemaker.o(.text.ice_making_operation)
    __arm_cp.6_1                             0x08000be4   Number         4  icemaker.o(.text.ice_making_operation)
    __arm_cp.6_2                             0x08000be8   Number         4  icemaker.o(.text.ice_making_operation)
    __arm_cp.6_3                             0x08000bec   Number         4  icemaker.o(.text.ice_making_operation)
    __arm_cp.6_4                             0x08000bf0   Number         4  icemaker.o(.text.ice_making_operation)
    __arm_cp.6_5                             0x08000bf4   Number         4  icemaker.o(.text.ice_making_operation)
    __arm_cp.6_6                             0x08000bf8   Number         4  icemaker.o(.text.ice_making_operation)
    __arm_cp.6_7                             0x08000bfc   Number         4  icemaker.o(.text.ice_making_operation)
    __arm_cp.6_8                             0x08000c00   Number         4  icemaker.o(.text.ice_making_operation)
    __arm_cp.6_10                            0x08000c04   Number         4  icemaker.o(.text.ice_making_operation)
    [Anonymous Symbol]                       0x08000c08   Section        0  icemaker.o(.text.ice_temp_check)
    __arm_cp.5_0                             0x08000c2c   Number         4  icemaker.o(.text.ice_temp_check)
    [Anonymous Symbol]                       0x08000c30   Section        0  main.o(.text.main)
    __arm_cp.0_0                             0x08000c60   Number         4  main.o(.text.main)
    __arm_cp.0_1                             0x08000c64   Number         4  main.o(.text.main)
    __arm_cp.0_2                             0x08000c68   Number         4  main.o(.text.main)
    [Anonymous Symbol]                       0x08000c6c   Section        0  icemaker.o(.text.motor_control)
    __arm_cp.1_1                             0x08000d64   Number         4  icemaker.o(.text.motor_control)
    __arm_cp.1_2                             0x08000d68   Number         4  icemaker.o(.text.motor_control)
    __arm_cp.1_3                             0x08000d6c   Number         4  icemaker.o(.text.motor_control)
    __arm_cp.1_4                             0x08000d70   Number         4  icemaker.o(.text.motor_control)
    __arm_cp.1_5                             0x08000d74   Number         4  icemaker.o(.text.motor_control)
    [Anonymous Symbol]                       0x08000d78   Section        0  ntc.o(.text.temperature)
    [Anonymous Symbol]                       0x08000d98   Section        0  timer.o(.text.timer_Init)
    __arm_cp.0_1                             0x08000e38   Number         4  timer.o(.text.timer_Init)
    __arm_cp.0_2                             0x08000e3c   Number         4  timer.o(.text.timer_Init)
    __arm_cp.0_3                             0x08000e40   Number         4  timer.o(.text.timer_Init)
    __arm_cp.0_4                             0x08000e44   Number         4  timer.o(.text.timer_Init)
    __arm_cp.0_5                             0x08000e48   Number         4  timer.o(.text.timer_Init)
    [Anonymous Symbol]                       0x08000e4c   Section        0  serial.o(.text.uart_Init)
    __arm_cp.0_0                             0x08000ec4   Number         4  serial.o(.text.uart_Init)
    __arm_cp.0_1                             0x08000ec8   Number         4  serial.o(.text.uart_Init)
    __arm_cp.0_3                             0x08000ecc   Number         4  serial.o(.text.uart_Init)
    __arm_cp.0_4                             0x08000ed0   Number         4  serial.o(.text.uart_Init)
    __arm_cp.0_5                             0x08000ed4   Number         4  serial.o(.text.uart_Init)
    __arm_cp.0_6                             0x08000ed8   Number         4  serial.o(.text.uart_Init)
    __arm_cp.0_7                             0x08000edc   Number         4  serial.o(.text.uart_Init)
    [Anonymous Symbol]                       0x08000ee0   Section        0  serial.o(.text.uart_char)
    __arm_cp.1_0                             0x08000f04   Number         4  serial.o(.text.uart_char)
    __arm_cp.1_1                             0x08000f08   Number         4  serial.o(.text.uart_char)
    [Anonymous Symbol]                       0x08000f0c   Section        0  serial.o(.text.uart_send_char)
    [Anonymous Symbol]                       0x08000f30   Section        0  serial.o(.text.uart_send_num)
    __arm_cp.3_0                             0x08001008   Number         4  serial.o(.text.uart_send_num)
    __arm_cp.3_1                             0x0800100c   Number         4  serial.o(.text.uart_send_num)
    __arm_cp.3_2                             0x08001010   Number         4  serial.o(.text.uart_send_num)
    [Anonymous Symbol]                       0x08001014   Section        0  icemaker.o(.text.valve_config)
    __arm_cp.3_0                             0x0800107c   Number         4  icemaker.o(.text.valve_config)
    __arm_cp.3_1                             0x08001080   Number         4  icemaker.o(.text.valve_config)
    __arm_cp.3_2                             0x08001084   Number         4  icemaker.o(.text.valve_config)
    __arm_cp.3_3                             0x08001088   Number         4  icemaker.o(.text.valve_config)
    __arm_cp.3_4                             0x0800108c   Number         4  icemaker.o(.text.valve_config)
    __arm_cp.3_5                             0x08001090   Number         4  icemaker.o(.text.valve_config)
    __arm_cp.3_6                             0x08001094   Number         4  icemaker.o(.text.valve_config)
    __arm_cp.3_7                             0x08001098   Number         4  icemaker.o(.text.valve_config)
    [Anonymous Symbol]                       0x0800109c   Section        0  main.o(.rodata.str1.1)
    [Anonymous Symbol]                       0x080010ae   Section        0  icemaker.o(.rodata.str1.1)
    .bss                                     0x20000000   Section       96  libspace.o(.bss)
    Heap_Mem                                 0x20000088   Data         512  startup_stm32g030xx.o(HEAP)
    HEAP                                     0x20000088   Section      512  startup_stm32g030xx.o(HEAP)
    Stack_Mem                                0x20000288   Data        1024  startup_stm32g030xx.o(STACK)
    STACK                                    0x20000288   Section     1024  startup_stm32g030xx.o(STACK)
    __initial_sp                             0x20000688   Data           0  startup_stm32g030xx.o(STACK)

    Global Symbols

    Symbol Name                              Value     Ov Type        Size  Object(Section)

    BuildAttributes$$THM_ISAv3M$S$PE$A:L22$X:L11$S22$IEEE1$IW$~IW$USESV6$~STKCKD$USESV7$~SHL$OSPACE$ROPI$EBA8$UX$STANDARDLIB$REQ8$PRES8$EABIv2 0x00000000   Number         0  anon$$obj.o ABSOLUTE
    __ARM_exceptions_init                     - Undefined Weak Reference
    __alloca_initialize                       - Undefined Weak Reference
    __arm_preinit_                            - Undefined Weak Reference
    __arm_relocate_pie_                       - Undefined Weak Reference
    __cpp_initialize__aeabi_                  - Undefined Weak Reference
    __cxa_finalize                            - Undefined Weak Reference
    __rt_locale                               - Undefined Weak Reference
    __sigvec_lookup                           - Undefined Weak Reference
    _atexit_init                              - Undefined Weak Reference
    _call_atexit_fns                          - Undefined Weak Reference
    _clock_init                               - Undefined Weak Reference
    _fp_trap_init                             - Undefined Weak Reference
    _fp_trap_shutdown                         - Undefined Weak Reference
    _get_lc_collate                           - Undefined Weak Reference
    _get_lc_ctype                             - Undefined Weak Reference
    _get_lc_monetary                          - Undefined Weak Reference
    _get_lc_numeric                           - Undefined Weak Reference
    _get_lc_time                              - Undefined Weak Reference
    _getenv_init                              - Undefined Weak Reference
    _handle_redirection                       - Undefined Weak Reference
    _init_alloc                               - Undefined Weak Reference
    _init_user_alloc                          - Undefined Weak Reference
    _initio                                   - Undefined Weak Reference
    _rand_init                                - Undefined Weak Reference
    _signal_finish                            - Undefined Weak Reference
    _signal_init                              - Undefined Weak Reference
    _terminate_alloc                          - Undefined Weak Reference
    _terminate_user_alloc                     - Undefined Weak Reference
    _terminateio                              - Undefined Weak Reference
    __Vectors_Size                           0x000000c0   Number         0  startup_stm32g030xx.o ABSOLUTE
    __Vectors                                0x08000000   Data           4  startup_stm32g030xx.o(RESET)
    __Vectors_End                            0x080000c0   Data           0  startup_stm32g030xx.o(RESET)
    __main                                   0x080000c1   Thumb Code     8  __main.o(!!!main)
    __scatterload                            0x080000c9   Thumb Code     0  __scatter.o(!!!scatter)
    __scatterload_rt2                        0x080000c9   Thumb Code    74  __scatter.o(!!!scatter)
    __scatterload_rt2_thumb_only             0x080000c9   Thumb Code     0  __scatter.o(!!!scatter)
    __scatterload_loop                       0x080000d3   Thumb Code     0  __scatter.o(!!!scatter)
    __scatterload_null                       0x0800011d   Thumb Code     2  __scatter.o(!!handler_null)
    __scatterload_zeroinit                   0x08000121   Thumb Code    28  __scatter_zi.o(!!handler_zi)
    __rt_lib_init                            0x0800013d   Thumb Code     0  libinit.o(.ARM.Collect$$libinit$$00000000)
    __rt_lib_init_alloca_1                   0x0800013f   Thumb Code     0  libinit2.o(.ARM.Collect$$libinit$$00000030)
    __rt_lib_init_argv_1                     0x0800013f   Thumb Code     0  libinit2.o(.ARM.Collect$$libinit$$0000002E)
    __rt_lib_init_atexit_1                   0x0800013f   Thumb Code     0  libinit2.o(.ARM.Collect$$libinit$$0000001D)
    __rt_lib_init_clock_1                    0x0800013f   Thumb Code     0  libinit2.o(.ARM.Collect$$libinit$$00000023)
    __rt_lib_init_cpp_1                      0x0800013f   Thumb Code     0  libinit2.o(.ARM.Collect$$libinit$$00000034)
    __rt_lib_init_exceptions_1               0x0800013f   Thumb Code     0  libinit2.o(.ARM.Collect$$libinit$$00000032)
    __rt_lib_init_fp_1                       0x0800013f   Thumb Code     0  libinit2.o(.ARM.Collect$$libinit$$00000002)
    __rt_lib_init_fp_trap_1                  0x0800013f   Thumb Code     0  libinit2.o(.ARM.Collect$$libinit$$00000021)
    __rt_lib_init_getenv_1                   0x0800013f   Thumb Code     0  libinit2.o(.ARM.Collect$$libinit$$00000025)
    __rt_lib_init_heap_1                     0x0800013f   Thumb Code     0  libinit2.o(.ARM.Collect$$libinit$$0000000C)
    __rt_lib_init_lc_collate_1               0x0800013f   Thumb Code     0  libinit2.o(.ARM.Collect$$libinit$$00000013)
    __rt_lib_init_lc_ctype_1                 0x0800013f   Thumb Code     0  libinit2.o(.ARM.Collect$$libinit$$00000015)
    __rt_lib_init_lc_monetary_1              0x0800013f   Thumb Code     0  libinit2.o(.ARM.Collect$$libinit$$00000017)
    __rt_lib_init_lc_numeric_1               0x0800013f   Thumb Code     0  libinit2.o(.ARM.Collect$$libinit$$00000019)
    __rt_lib_init_lc_time_1                  0x0800013f   Thumb Code     0  libinit2.o(.ARM.Collect$$libinit$$0000001B)
    __rt_lib_init_preinit_1                  0x0800013f   Thumb Code     0  libinit2.o(.ARM.Collect$$libinit$$00000006)
    __rt_lib_init_rand_1                     0x0800013f   Thumb Code     0  libinit2.o(.ARM.Collect$$libinit$$00000010)
    __rt_lib_init_relocate_pie_1             0x0800013f   Thumb Code     0  libinit2.o(.ARM.Collect$$libinit$$00000004)
    __rt_lib_init_return                     0x0800013f   Thumb Code     0  libinit2.o(.ARM.Collect$$libinit$$00000035)
    __rt_lib_init_signal_1                   0x0800013f   Thumb Code     0  libinit2.o(.ARM.Collect$$libinit$$0000001F)
    __rt_lib_init_stdio_1                    0x0800013f   Thumb Code     0  libinit2.o(.ARM.Collect$$libinit$$00000027)
    __rt_lib_init_user_alloc_1               0x0800013f   Thumb Code     0  libinit2.o(.ARM.Collect$$libinit$$0000000E)
    __rt_lib_shutdown                        0x08000141   Thumb Code     0  libshutdown.o(.ARM.Collect$$libshutdown$$00000000)
    __rt_lib_shutdown_cpp_1                  0x08000143   Thumb Code     0  libshutdown2.o(.ARM.Collect$$libshutdown$$00000002)
    __rt_lib_shutdown_fp_trap_1              0x08000143   Thumb Code     0  libshutdown2.o(.ARM.Collect$$libshutdown$$00000007)
    __rt_lib_shutdown_heap_1                 0x08000143   Thumb Code     0  libshutdown2.o(.ARM.Collect$$libshutdown$$0000000F)
    __rt_lib_shutdown_return                 0x08000143   Thumb Code     0  libshutdown2.o(.ARM.Collect$$libshutdown$$00000010)
    __rt_lib_shutdown_signal_1               0x08000143   Thumb Code     0  libshutdown2.o(.ARM.Collect$$libshutdown$$0000000A)
    __rt_lib_shutdown_stdio_1                0x08000143   Thumb Code     0  libshutdown2.o(.ARM.Collect$$libshutdown$$00000004)
    __rt_lib_shutdown_user_alloc_1           0x08000143   Thumb Code     0  libshutdown2.o(.ARM.Collect$$libshutdown$$0000000C)
    __rt_entry                               0x08000145   Thumb Code     0  __rtentry.o(.ARM.Collect$$rtentry$$00000000)
    __rt_entry_presh_1                       0x08000145   Thumb Code     0  __rtentry2.o(.ARM.Collect$$rtentry$$00000002)
    __rt_entry_sh                            0x08000145   Thumb Code     0  __rtentry4.o(.ARM.Collect$$rtentry$$00000004)
    __rt_entry_li                            0x0800014b   Thumb Code     0  __rtentry2.o(.ARM.Collect$$rtentry$$0000000A)
    __rt_entry_postsh_1                      0x0800014b   Thumb Code     0  __rtentry2.o(.ARM.Collect$$rtentry$$00000009)
    __rt_entry_main                          0x0800014f   Thumb Code     0  __rtentry2.o(.ARM.Collect$$rtentry$$0000000D)
    __rt_entry_postli_1                      0x0800014f   Thumb Code     0  __rtentry2.o(.ARM.Collect$$rtentry$$0000000C)
    __rt_exit                                0x08000157   Thumb Code     0  rtexit.o(.ARM.Collect$$rtexit$$00000000)
    __rt_exit_ls                             0x08000159   Thumb Code     0  rtexit2.o(.ARM.Collect$$rtexit$$00000003)
    __rt_exit_prels_1                        0x08000159   Thumb Code     0  rtexit2.o(.ARM.Collect$$rtexit$$00000002)
    __rt_exit_exit                           0x0800015d   Thumb Code     0  rtexit2.o(.ARM.Collect$$rtexit$$00000004)
    Reset_Handler                            0x08000165   Thumb Code     8  startup_stm32g030xx.o(.text)
    NMI_Handler                              0x0800016d   Thumb Code     2  startup_stm32g030xx.o(.text)
    HardFault_Handler                        0x0800016f   Thumb Code     2  startup_stm32g030xx.o(.text)
    SVC_Handler                              0x08000171   Thumb Code     2  startup_stm32g030xx.o(.text)
    PendSV_Handler                           0x08000173   Thumb Code     2  startup_stm32g030xx.o(.text)
    SysTick_Handler                          0x08000175   Thumb Code     2  startup_stm32g030xx.o(.text)
    ADC1_IRQHandler                          0x08000177   Thumb Code     0  startup_stm32g030xx.o(.text)
    DMA1_Ch4_5_DMAMUX1_OVR_IRQHandler        0x08000177   Thumb Code     0  startup_stm32g030xx.o(.text)
    DMA1_Channel1_IRQHandler                 0x08000177   Thumb Code     0  startup_stm32g030xx.o(.text)
    DMA1_Channel2_3_IRQHandler               0x08000177   Thumb Code     0  startup_stm32g030xx.o(.text)
    EXTI0_1_IRQHandler                       0x08000177   Thumb Code     0  startup_stm32g030xx.o(.text)
    EXTI2_3_IRQHandler                       0x08000177   Thumb Code     0  startup_stm32g030xx.o(.text)
    EXTI4_15_IRQHandler                      0x08000177   Thumb Code     0  startup_stm32g030xx.o(.text)
    FLASH_IRQHandler                         0x08000177   Thumb Code     0  startup_stm32g030xx.o(.text)
    I2C1_IRQHandler                          0x08000177   Thumb Code     0  startup_stm32g030xx.o(.text)
    I2C2_IRQHandler                          0x08000177   Thumb Code     0  startup_stm32g030xx.o(.text)
    RCC_IRQHandler                           0x08000177   Thumb Code     0  startup_stm32g030xx.o(.text)
    RTC_TAMP_IRQHandler                      0x08000177   Thumb Code     0  startup_stm32g030xx.o(.text)
    SPI1_IRQHandler                          0x08000177   Thumb Code     0  startup_stm32g030xx.o(.text)
    SPI2_IRQHandler                          0x08000177   Thumb Code     0  startup_stm32g030xx.o(.text)
    TIM14_IRQHandler                         0x08000177   Thumb Code     0  startup_stm32g030xx.o(.text)
    TIM16_IRQHandler                         0x08000177   Thumb Code     0  startup_stm32g030xx.o(.text)
    TIM17_IRQHandler                         0x08000177   Thumb Code     0  startup_stm32g030xx.o(.text)
    TIM1_CC_IRQHandler                       0x08000177   Thumb Code     0  startup_stm32g030xx.o(.text)
    TIM3_IRQHandler                          0x08000177   Thumb Code     0  startup_stm32g030xx.o(.text)
    USART1_IRQHandler                        0x08000177   Thumb Code     0  startup_stm32g030xx.o(.text)
    USART2_IRQHandler                        0x08000177   Thumb Code     0  startup_stm32g030xx.o(.text)
    WWDG_IRQHandler                          0x08000177   Thumb Code     0  startup_stm32g030xx.o(.text)
    __user_initial_stackheap                 0x08000179   Thumb Code     0  startup_stm32g030xx.o(.text)
    __aeabi_uidiv                            0x0800019d   Thumb Code     0  aeabi_sdiv.o(.text)
    __aeabi_uidivmod                         0x0800019d   Thumb Code    20  aeabi_sdiv.o(.text)
    __aeabi_idiv                             0x080001b1   Thumb Code     0  aeabi_sdiv.o(.text)
    __aeabi_idivmod                          0x080001b1   Thumb Code   338  aeabi_sdiv.o(.text)
    __use_two_region_memory                  0x08000309   Thumb Code     2  heapauxi.o(.text)
    __rt_heap_escrow$2region                 0x0800030b   Thumb Code     2  heapauxi.o(.text)
    __rt_heap_expand$2region                 0x0800030d   Thumb Code     2  heapauxi.o(.text)
    __user_setup_stackheap                   0x0800030f   Thumb Code    62  sys_stackheap_outer.o(.text)
    exit                                     0x0800034d   Thumb Code    16  exit.o(.text)
    __user_libspace                          0x0800035d   Thumb Code     8  libspace.o(.text)
    __user_perproc_libspace                  0x0800035d   Thumb Code     0  libspace.o(.text)
    __user_perthread_libspace                0x0800035d   Thumb Code     0  libspace.o(.text)
    _sys_exit                                0x08000365   Thumb Code     8  sys_exit.o(.text)
    __I$use$semihosting                      0x08000371   Thumb Code     0  use_no_semi.o(.text)
    __use_no_semihosting_swi                 0x08000371   Thumb Code     2  use_no_semi.o(.text)
    SystemInit                               0x08000373   Thumb Code     2  system_stm32g0xx.o(.text.SystemInit)
    __semihosting_library_function           0x08000373   Thumb Code     0  indicate_semi.o(.text)
    TIM1_BRK_UP_TRG_COM_IRQHandler           0x08000375   Thumb Code   108  icemaker.o(.text.TIM1_BRK_UP_TRG_COM_IRQHandler)
    adc_enable_vreg                          0x080004a5   Thumb Code    88  adc.o(.text.adc_enable_vreg)
    adc_init                                 0x080004fd   Thumb Code   352  adc.o(.text.adc_init)
    adc_read                                 0x08000681   Thumb Code   140  adc.o(.text.adc_read)
    adc_read_filtered                        0x0800071d   Thumb Code    30  adc.o(.text.adc_read_filtered)
    adctotemp                                0x0800073d   Thumb Code   320  ntc.o(.text.adctotemp)
    delay                                    0x080008e5   Thumb Code    46  timer.o(.text.delay)
    hall_feedback                            0x08000915   Thumb Code   148  icemaker.o(.text.hall_feedback)
    ice_box_rotation                         0x080009bd   Thumb Code   408  icemaker.o(.text.ice_box_rotation)
    ice_making_operation                     0x08000b61   Thumb Code   128  icemaker.o(.text.ice_making_operation)
    ice_temp_check                           0x08000c09   Thumb Code    36  icemaker.o(.text.ice_temp_check)
    main                                     0x08000c31   Thumb Code    48  main.o(.text.main)
    motor_control                            0x08000c6d   Thumb Code   248  icemaker.o(.text.motor_control)
    temperature                              0x08000d79   Thumb Code    32  ntc.o(.text.temperature)
    timer_Init                               0x08000d99   Thumb Code   160  timer.o(.text.timer_Init)
    uart_Init                                0x08000e4d   Thumb Code   120  serial.o(.text.uart_Init)
    uart_char                                0x08000ee1   Thumb Code    36  serial.o(.text.uart_char)
    uart_send_char                           0x08000f0d   Thumb Code    36  serial.o(.text.uart_send_char)
    uart_send_num                            0x08000f31   Thumb Code   216  serial.o(.text.uart_send_num)
    valve_config                             0x08001015   Thumb Code   104  icemaker.o(.text.valve_config)
    Region$$Table$$Base                      0x08001124   Number         0  anon$$obj.o(Region$$Table)
    Region$$Table$$Limit                     0x08001134   Number         0  anon$$obj.o(Region$$Table)
    __libspace_start                         0x20000000   Data          96  libspace.o(.bss)
    IB                                       0x20000060   Data           4  icemaker.o(.bss.IB)
    __temporary_stack_top$libspace           0x20000060   Data           0  libspace.o(.bss)
    IC                                       0x20000064   Data           4  icemaker.o(.bss.IC)
    ICE_OPERATION                            0x20000068   Data           4  icemaker.o(.bss.ICE_OPERATION)
    VALVE_FILLED_FLAG                        0x2000006c   Data           4  icemaker.o(.bss.VALVE_FILLED_FLAG)
    hall_f                                   0x20000070   Data           4  icemaker.o(.bss.hall_f)
    rtime                                    0x20000074   Data           2  icemaker.o(.bss.rtime)
    t1                                       0x20000078   Data           4  icemaker.o(.bss.t1)
    t2                                       0x2000007c   Data           4  icemaker.o(.bss.t2)
    vtime                                    0x20000080   Data           2  icemaker.o(.bss.vtime)



==============================================================================

Memory Map of the image

  Image Entry point : 0x08000165

  Load Region LR_1 (Base: 0x08000000, Size: 0x00001134, Max: 0xffffffff, ABSOLUTE)

    Execution Region ER_RO (Exec base: 0x08000000, Load base: 0x08000000, Size: 0x00001134, Max: 0xffffffff, ABSOLUTE)

    Exec Addr    Load Addr    Size         Type   Attr      Idx    E Section Name        Object

    0x08000000   0x08000000   0x000000c0   Data   RO          119    RESET               startup_stm32g030xx.o
    0x080000c0   0x080000c0   0x00000008   Code   RO          150  * !!!main             c_p.l(__main.o)
    0x080000c8   0x080000c8   0x00000054   Code   RO          338    !!!scatter          c_p.l(__scatter.o)
    0x0800011c   0x0800011c   0x00000002   Code   RO          339    !!handler_null      c_p.l(__scatter.o)
    0x0800011e   0x0800011e   0x00000002   PAD
    0x08000120   0x08000120   0x0000001c   Code   RO          342    !!handler_zi        c_p.l(__scatter_zi.o)
    0x0800013c   0x0800013c   0x00000002   Code   RO          199    .ARM.Collect$$libinit$$00000000  c_p.l(libinit.o)
    0x0800013e   0x0800013e   0x00000000   Code   RO          213    .ARM.Collect$$libinit$$00000002  c_p.l(libinit2.o)
    0x0800013e   0x0800013e   0x00000000   Code   RO          215    .ARM.Collect$$libinit$$00000004  c_p.l(libinit2.o)
    0x0800013e   0x0800013e   0x00000000   Code   RO          217    .ARM.Collect$$libinit$$00000006  c_p.l(libinit2.o)
    0x0800013e   0x0800013e   0x00000000   Code   RO          220    .ARM.Collect$$libinit$$0000000C  c_p.l(libinit2.o)
    0x0800013e   0x0800013e   0x00000000   Code   RO          222    .ARM.Collect$$libinit$$0000000E  c_p.l(libinit2.o)
    0x0800013e   0x0800013e   0x00000000   Code   RO          224    .ARM.Collect$$libinit$$00000010  c_p.l(libinit2.o)
    0x0800013e   0x0800013e   0x00000000   Code   RO          227    .ARM.Collect$$libinit$$00000013  c_p.l(libinit2.o)
    0x0800013e   0x0800013e   0x00000000   Code   RO          229    .ARM.Collect$$libinit$$00000015  c_p.l(libinit2.o)
    0x0800013e   0x0800013e   0x00000000   Code   RO          231    .ARM.Collect$$libinit$$00000017  c_p.l(libinit2.o)
    0x0800013e   0x0800013e   0x00000000   Code   RO          233    .ARM.Collect$$libinit$$00000019  c_p.l(libinit2.o)
    0x0800013e   0x0800013e   0x00000000   Code   RO          235    .ARM.Collect$$libinit$$0000001B  c_p.l(libinit2.o)
    0x0800013e   0x0800013e   0x00000000   Code   RO          237    .ARM.Collect$$libinit$$0000001D  c_p.l(libinit2.o)
    0x0800013e   0x0800013e   0x00000000   Code   RO          239    .ARM.Collect$$libinit$$0000001F  c_p.l(libinit2.o)
    0x0800013e   0x0800013e   0x00000000   Code   RO          241    .ARM.Collect$$libinit$$00000021  c_p.l(libinit2.o)
    0x0800013e   0x0800013e   0x00000000   Code   RO          243    .ARM.Collect$$libinit$$00000023  c_p.l(libinit2.o)
    0x0800013e   0x0800013e   0x00000000   Code   RO          245    .ARM.Collect$$libinit$$00000025  c_p.l(libinit2.o)
    0x0800013e   0x0800013e   0x00000000   Code   RO          247    .ARM.Collect$$libinit$$00000027  c_p.l(libinit2.o)
    0x0800013e   0x0800013e   0x00000000   Code   RO          251    .ARM.Collect$$libinit$$0000002E  c_p.l(libinit2.o)
    0x0800013e   0x0800013e   0x00000000   Code   RO          253    .ARM.Collect$$libinit$$00000030  c_p.l(libinit2.o)
    0x0800013e   0x0800013e   0x00000000   Code   RO          255    .ARM.Collect$$libinit$$00000032  c_p.l(libinit2.o)
    0x0800013e   0x0800013e   0x00000000   Code   RO          257    .ARM.Collect$$libinit$$00000034  c_p.l(libinit2.o)
    0x0800013e   0x0800013e   0x00000002   Code   RO          258    .ARM.Collect$$libinit$$00000035  c_p.l(libinit2.o)
    0x08000140   0x08000140   0x00000002   Code   RO          293    .ARM.Collect$$libshutdown$$00000000  c_p.l(libshutdown.o)
    0x08000142   0x08000142   0x00000000   Code   RO          321    .ARM.Collect$$libshutdown$$00000002  c_p.l(libshutdown2.o)
    0x08000142   0x08000142   0x00000000   Code   RO          323    .ARM.Collect$$libshutdown$$00000004  c_p.l(libshutdown2.o)
    0x08000142   0x08000142   0x00000000   Code   RO          326    .ARM.Collect$$libshutdown$$00000007  c_p.l(libshutdown2.o)
    0x08000142   0x08000142   0x00000000   Code   RO          329    .ARM.Collect$$libshutdown$$0000000A  c_p.l(libshutdown2.o)
    0x08000142   0x08000142   0x00000000   Code   RO          331    .ARM.Collect$$libshutdown$$0000000C  c_p.l(libshutdown2.o)
    0x08000142   0x08000142   0x00000000   Code   RO          334    .ARM.Collect$$libshutdown$$0000000F  c_p.l(libshutdown2.o)
    0x08000142   0x08000142   0x00000002   Code   RO          335    .ARM.Collect$$libshutdown$$00000010  c_p.l(libshutdown2.o)
    0x08000144   0x08000144   0x00000000   Code   RO          156    .ARM.Collect$$rtentry$$00000000  c_p.l(__rtentry.o)
    0x08000144   0x08000144   0x00000000   Code   RO          169    .ARM.Collect$$rtentry$$00000002  c_p.l(__rtentry2.o)
    0x08000144   0x08000144   0x00000006   Code   RO          181    .ARM.Collect$$rtentry$$00000004  c_p.l(__rtentry4.o)
    0x0800014a   0x0800014a   0x00000000   Code   RO          171    .ARM.Collect$$rtentry$$00000009  c_p.l(__rtentry2.o)
    0x0800014a   0x0800014a   0x00000004   Code   RO          172    .ARM.Collect$$rtentry$$0000000A  c_p.l(__rtentry2.o)
    0x0800014e   0x0800014e   0x00000000   Code   RO          174    .ARM.Collect$$rtentry$$0000000C  c_p.l(__rtentry2.o)
    0x0800014e   0x0800014e   0x00000008   Code   RO          175    .ARM.Collect$$rtentry$$0000000D  c_p.l(__rtentry2.o)
    0x08000156   0x08000156   0x00000002   Code   RO          204    .ARM.Collect$$rtexit$$00000000  c_p.l(rtexit.o)
    0x08000158   0x08000158   0x00000000   Code   RO          264    .ARM.Collect$$rtexit$$00000002  c_p.l(rtexit2.o)
    0x08000158   0x08000158   0x00000004   Code   RO          265    .ARM.Collect$$rtexit$$00000003  c_p.l(rtexit2.o)
    0x0800015c   0x0800015c   0x00000006   Code   RO          266    .ARM.Collect$$rtexit$$00000004  c_p.l(rtexit2.o)
    0x08000162   0x08000162   0x00000002   PAD
    0x08000164   0x08000164   0x00000038   Code   RO          120  * .text               startup_stm32g030xx.o
    0x0800019c   0x0800019c   0x0000016c   Code   RO          144    .text               c_p.l(aeabi_sdiv.o)
    0x08000308   0x08000308   0x00000006   Code   RO          148    .text               c_p.l(heapauxi.o)
    0x0800030e   0x0800030e   0x0000003e   Code   RO          185    .text               c_p.l(sys_stackheap_outer.o)
    0x0800034c   0x0800034c   0x00000010   Code   RO          188    .text               c_p.l(exit.o)
    0x0800035c   0x0800035c   0x00000008   Code   RO          200    .text               c_p.l(libspace.o)
    0x08000364   0x08000364   0x0000000c   Code   RO          259    .text               c_p.l(sys_exit.o)
    0x08000370   0x08000370   0x00000002   Code   RO          282    .text               c_p.l(use_no_semi.o)
    0x08000372   0x08000372   0x00000000   Code   RO          284    .text               c_p.l(indicate_semi.o)
    0x08000372   0x08000372   0x00000002   Code   RO          127    .text.SystemInit    system_stm32g0xx.o
    0x08000374   0x08000374   0x00000080   Code   RO           57    .text.TIM1_BRK_UP_TRG_COM_IRQHandler  icemaker.o
    0x080003f4   0x080003f4   0x0000002c   Code   RO           42    .text.__NVIC_EnableIRQ  timer.o
    0x08000420   0x08000420   0x00000084   Code   RO           40    .text.__NVIC_SetPriority  timer.o
    0x080004a4   0x080004a4   0x00000058   Code   RO           89    .text.adc_enable_vreg  adc.o
    0x080004fc   0x080004fc   0x00000184   Code   RO           91    .text.adc_init      adc.o
    0x08000680   0x08000680   0x0000009c   Code   RO           93    .text.adc_read      adc.o
    0x0800071c   0x0800071c   0x0000001e   Code   RO           95    .text.adc_read_filtered  adc.o
    0x0800073a   0x0800073a   0x00000002   PAD
    0x0800073c   0x0800073c   0x000001a8   Code   RO          107    .text.adctotemp     ntc.o
    0x080008e4   0x080008e4   0x0000002e   Code   RO           48    .text.delay         timer.o
    0x08000912   0x08000912   0x00000002   PAD
    0x08000914   0x08000914   0x000000a8   Code   RO           61    .text.hall_feedback  icemaker.o
    0x080009bc   0x080009bc   0x000001a4   Code   RO           65    .text.ice_box_rotation  icemaker.o
    0x08000b60   0x08000b60   0x000000a8   Code   RO           69    .text.ice_making_operation  icemaker.o
    0x08000c08   0x08000c08   0x00000028   Code   RO           67    .text.ice_temp_check  icemaker.o
    0x08000c30   0x08000c30   0x0000003c   Code   RO            2    .text.main          main.o
    0x08000c6c   0x08000c6c   0x0000010c   Code   RO           59    .text.motor_control  icemaker.o
    0x08000d78   0x08000d78   0x00000020   Code   RO          109    .text.temperature   ntc.o
    0x08000d98   0x08000d98   0x000000b4   Code   RO           38    .text.timer_Init    timer.o
    0x08000e4c   0x08000e4c   0x00000094   Code   RO           12    .text.uart_Init     serial.o
    0x08000ee0   0x08000ee0   0x0000002c   Code   RO           14    .text.uart_char     serial.o
    0x08000f0c   0x08000f0c   0x00000024   Code   RO           16    .text.uart_send_char  serial.o
    0x08000f30   0x08000f30   0x000000e4   Code   RO           18    .text.uart_send_num  serial.o
    0x08001014   0x08001014   0x00000088   Code   RO           63    .text.valve_config  icemaker.o
    0x0800109c   0x0800109c   0x00000012   Data   RO            4    .rodata.str1.1      main.o
    0x080010ae   0x080010ae   0x00000076   Data   RO           78    .rodata.str1.1      icemaker.o
    0x08001124   0x08001124   0x00000010   Data   RO          337    Region$$Table       anon$$obj.o


    Execution Region ER_RW (Exec base: 0x20000000, Load base: 0x08001134, Size: 0x00000000, Max: 0xffffffff, ABSOLUTE)

    **** No section assigned to this execution region ****


    Execution Region ER_ZI (Exec base: 0x20000000, Load base: 0x08001134, Size: 0x00000688, Max: 0xffffffff, ABSOLUTE)

    Exec Addr    Load Addr    Size         Type   Attr      Idx    E Section Name        Object

    0x20000000        -       0x00000060   Zero   RW          201    .bss                c_p.l(libspace.o)
    0x20000060        -       0x00000004   Zero   RW           74    .bss.IB             icemaker.o
    0x20000064        -       0x00000004   Zero   RW           75    .bss.IC             icemaker.o
    0x20000068        -       0x00000004   Zero   RW           77    .bss.ICE_OPERATION  icemaker.o
    0x2000006c        -       0x00000004   Zero   RW           76    .bss.VALVE_FILLED_FLAG  icemaker.o
    0x20000070        -       0x00000004   Zero   RW           81    .bss.hall_f         icemaker.o
    0x20000074        -       0x00000002   Zero   RW           72    .bss.rtime          icemaker.o
    0x20000076   0x08001134   0x00000002   PAD
    0x20000078        -       0x00000004   Zero   RW           79    .bss.t1             icemaker.o
    0x2000007c        -       0x00000004   Zero   RW           80    .bss.t2             icemaker.o
    0x20000080        -       0x00000002   Zero   RW           73    .bss.vtime          icemaker.o
    0x20000082   0x08001134   0x00000006   PAD
    0x20000088        -       0x00000200   Zero   RW          118    HEAP                startup_stm32g030xx.o
    0x20000288        -       0x00000400   Zero   RW          117    STACK               startup_stm32g030xx.o


==============================================================================

Image component sizes


      Code (inc. data)   RO Data    RW Data    ZI Data      Debug   Object Name

       662         52          0          0          0       3204   adc.o
      1328        148        118          0         32       4073   icemaker.o
        60         12         18          0          0        512   main.o
       456        104          0          0          0        924   ntc.o
       456         48          0          0          0       4009   serial.o
        56         26        192          0       1536        696   startup_stm32g030xx.o
         2          0          0          0          0       1988   system_stm32g0xx.o
       402         32          0          0          0       4001   timer.o

    ----------------------------------------------------------------------
      3426        422        344          0       1576      19407   Object Totals
         0          0         16          0          0          0   (incl. Generated)
         4          0          0          0          8          0   (incl. Padding)

    ----------------------------------------------------------------------

      Code (inc. data)   RO Data    RW Data    ZI Data      Debug   Library Member Name

         8          0          0          0          0         68   __main.o
         0          0          0          0          0          0   __rtentry.o
        12          0          0          0          0          0   __rtentry2.o
         6          0          0          0          0          0   __rtentry4.o
        86         10          0          0          0          0   __scatter.o
        28          0          0          0          0          0   __scatter_zi.o
       364          4          0          0          0         92   aeabi_sdiv.o
        16          0          0          0          0         68   exit.o
         6          0          0          0          0        136   heapauxi.o
         0          0          0          0          0          0   indicate_semi.o
         2          0          0          0          0          0   libinit.o
         2          0          0          0          0          0   libinit2.o
         2          0          0          0          0          0   libshutdown.o
         2          0          0          0          0          0   libshutdown2.o
         8          4          0          0         96         68   libspace.o
         2          0          0          0          0          0   rtexit.o
        10          0          0          0          0          0   rtexit2.o
        12          4          0          0          0         60   sys_exit.o
        62          0          0          0          0         80   sys_stackheap_outer.o
         2          0          0          0          0         68   use_no_semi.o

    ----------------------------------------------------------------------
       634         22          0          0         96        640   Library Totals
         4          0          0          0          0          0   (incl. Padding)

    ----------------------------------------------------------------------

      Code (inc. data)   RO Data    RW Data    ZI Data      Debug   Library Name

       630         22          0          0         96        640   c_p.l

    ----------------------------------------------------------------------
       634         22          0          0         96        640   Library Totals

    ----------------------------------------------------------------------

==============================================================================


      Code (inc. data)   RO Data    RW Data    ZI Data      Debug   

      4060        444        344          0       1672      19783   Grand Totals
      4060        444        344          0       1672      19783   ELF Image Totals
      4060        444        344          0          0          0   ROM Totals

==============================================================================

    Total RO  Size (Code + RO Data)                 4404 (   4.30kB)
    Total RW  Size (RW Data + ZI Data)              1672 (   1.63kB)
    Total ROM Size (Code + RO Data + RW Data)       4404 (   4.30kB)

==============================================================================

